Archive member included to satisfy reference by file (symbol)

d:/stm32cubeide_1.7.0/stm32cubeide/plugins/com.st.stm32cube.ide.mcu.externaltools.gnu-tools-for-stm32.9-2020-q2-update.win32_2.0.0.202105311346/tools/bin/../lib/gcc/arm-none-eabi/9.3.1/../../../../arm-none-eabi/lib/thumb/v7-m/nofp\libc_nano.a(lib_a-errno.o)
                              ./Core/Src/syscalls.o (__errno)
d:/stm32cubeide_1.7.0/stm32cubeide/plugins/com.st.stm32cube.ide.mcu.externaltools.gnu-tools-for-stm32.9-2020-q2-update.win32_2.0.0.202105311346/tools/bin/../lib/gcc/arm-none-eabi/9.3.1/../../../../arm-none-eabi/lib/thumb/v7-m/nofp\libc_nano.a(lib_a-exit.o)
                              d:/stm32cubeide_1.7.0/stm32cubeide/plugins/com.st.stm32cube.ide.mcu.externaltools.gnu-tools-for-stm32.9-2020-q2-update.win32_2.0.0.202105311346/tools/bin/../lib/gcc/arm-none-eabi/9.3.1/../../../../arm-none-eabi/lib/thumb/v7-m/nofp/crt0.o (exit)
d:/stm32cubeide_1.7.0/stm32cubeide/plugins/com.st.stm32cube.ide.mcu.externaltools.gnu-tools-for-stm32.9-2020-q2-update.win32_2.0.0.202105311346/tools/bin/../lib/gcc/arm-none-eabi/9.3.1/../../../../arm-none-eabi/lib/thumb/v7-m/nofp\libc_nano.a(lib_a-impure.o)
                              d:/stm32cubeide_1.7.0/stm32cubeide/plugins/com.st.stm32cube.ide.mcu.externaltools.gnu-tools-for-stm32.9-2020-q2-update.win32_2.0.0.202105311346/tools/bin/../lib/gcc/arm-none-eabi/9.3.1/../../../../arm-none-eabi/lib/thumb/v7-m/nofp\libc_nano.a(lib_a-exit.o) (_global_impure_ptr)
d:/stm32cubeide_1.7.0/stm32cubeide/plugins/com.st.stm32cube.ide.mcu.externaltools.gnu-tools-for-stm32.9-2020-q2-update.win32_2.0.0.202105311346/tools/bin/../lib/gcc/arm-none-eabi/9.3.1/../../../../arm-none-eabi/lib/thumb/v7-m/nofp\libc_nano.a(lib_a-init.o)
                              d:/stm32cubeide_1.7.0/stm32cubeide/plugins/com.st.stm32cube.ide.mcu.externaltools.gnu-tools-for-stm32.9-2020-q2-update.win32_2.0.0.202105311346/tools/bin/../lib/gcc/arm-none-eabi/9.3.1/../../../../arm-none-eabi/lib/thumb/v7-m/nofp/crt0.o (__libc_init_array)
d:/stm32cubeide_1.7.0/stm32cubeide/plugins/com.st.stm32cube.ide.mcu.externaltools.gnu-tools-for-stm32.9-2020-q2-update.win32_2.0.0.202105311346/tools/bin/../lib/gcc/arm-none-eabi/9.3.1/../../../../arm-none-eabi/lib/thumb/v7-m/nofp\libc_nano.a(lib_a-memset.o)
                              d:/stm32cubeide_1.7.0/stm32cubeide/plugins/com.st.stm32cube.ide.mcu.externaltools.gnu-tools-for-stm32.9-2020-q2-update.win32_2.0.0.202105311346/tools/bin/../lib/gcc/arm-none-eabi/9.3.1/../../../../arm-none-eabi/lib/thumb/v7-m/nofp/crt0.o (memset)
d:/stm32cubeide_1.7.0/stm32cubeide/plugins/com.st.stm32cube.ide.mcu.externaltools.gnu-tools-for-stm32.9-2020-q2-update.win32_2.0.0.202105311346/tools/bin/../lib/gcc/arm-none-eabi/9.3.1/../../../../arm-none-eabi/lib/thumb/v7-m/nofp\libc_nano.a(lib_a-snprintf.o)
                              ./Core/Src/fsm_automatic.o (snprintf)
d:/stm32cubeide_1.7.0/stm32cubeide/plugins/com.st.stm32cube.ide.mcu.externaltools.gnu-tools-for-stm32.9-2020-q2-update.win32_2.0.0.202105311346/tools/bin/../lib/gcc/arm-none-eabi/9.3.1/../../../../arm-none-eabi/lib/thumb/v7-m/nofp\libc_nano.a(lib_a-strncmp.o)
                              ./Core/Src/fsm_automatic.o (strncmp)
d:/stm32cubeide_1.7.0/stm32cubeide/plugins/com.st.stm32cube.ide.mcu.externaltools.gnu-tools-for-stm32.9-2020-q2-update.win32_2.0.0.202105311346/tools/bin/../lib/gcc/arm-none-eabi/9.3.1/../../../../arm-none-eabi/lib/thumb/v7-m/nofp\libc_nano.a(lib_a-strncpy.o)
                              ./Core/Src/fsm_automatic.o (strncpy)
d:/stm32cubeide_1.7.0/stm32cubeide/plugins/com.st.stm32cube.ide.mcu.externaltools.gnu-tools-for-stm32.9-2020-q2-update.win32_2.0.0.202105311346/tools/bin/../lib/gcc/arm-none-eabi/9.3.1/../../../../arm-none-eabi/lib/thumb/v7-m/nofp\libc_nano.a(lib_a-nano-svfprintf.o)
                              d:/stm32cubeide_1.7.0/stm32cubeide/plugins/com.st.stm32cube.ide.mcu.externaltools.gnu-tools-for-stm32.9-2020-q2-update.win32_2.0.0.202105311346/tools/bin/../lib/gcc/arm-none-eabi/9.3.1/../../../../arm-none-eabi/lib/thumb/v7-m/nofp\libc_nano.a(lib_a-snprintf.o) (_svfprintf_r)
d:/stm32cubeide_1.7.0/stm32cubeide/plugins/com.st.stm32cube.ide.mcu.externaltools.gnu-tools-for-stm32.9-2020-q2-update.win32_2.0.0.202105311346/tools/bin/../lib/gcc/arm-none-eabi/9.3.1/../../../../arm-none-eabi/lib/thumb/v7-m/nofp\libc_nano.a(lib_a-nano-vfprintf_i.o)
                              d:/stm32cubeide_1.7.0/stm32cubeide/plugins/com.st.stm32cube.ide.mcu.externaltools.gnu-tools-for-stm32.9-2020-q2-update.win32_2.0.0.202105311346/tools/bin/../lib/gcc/arm-none-eabi/9.3.1/../../../../arm-none-eabi/lib/thumb/v7-m/nofp\libc_nano.a(lib_a-nano-svfprintf.o) (_printf_i)
d:/stm32cubeide_1.7.0/stm32cubeide/plugins/com.st.stm32cube.ide.mcu.externaltools.gnu-tools-for-stm32.9-2020-q2-update.win32_2.0.0.202105311346/tools/bin/../lib/gcc/arm-none-eabi/9.3.1/../../../../arm-none-eabi/lib/thumb/v7-m/nofp\libc_nano.a(lib_a-memchr-stub.o)
[...]
Memory Configuration

Name             Origin             Length             Attributes
RAM              0x0000000020000000 0x0000000000005000 xrw
FLASH            0x0000000008000000 0x0000000000020000 xr
*default*        0x0000000000000000 0xffffffffffffffff

Linker script and memory map

LOAD d:/stm32cubeide_1.7.0/stm32cubeide/plugins/com.st.stm32cube.ide.mcu.externaltools.gnu-tools-for-stm32.9-2020-q2-update.win32_2.0.0.202105311346/tools/bin/../lib/gcc/arm-none-eabi/9.3.1/thumb/v7-m/nofp/crti.o
LOAD d:/stm32cubeide_1.7.0/stm32cubeide/plugins/com.st.stm32cube.ide.mcu.externaltools.gnu-tools-for-stm32.9-2020-q2-update.win32_2.0.0.202105311346/tools/bin/../lib/gcc/arm-none-eabi/9.3.1/thumb/v7-m/nofp/crtbegin.o
LOAD d:/stm32cubeide_1.7.0/stm32cubeide/plugins/com.st.stm32cube.ide.mcu.externaltools.gnu-tools-for-stm32.9-2020-q2-update.win32_2.0.0.202105311346/tools/bin/../lib/gcc/arm-none-eabi/9.3.1/../../../../arm-none-eabi/lib/thumb/v7-m/nofp/crt0.o
LOAD ./Core/Src/button.o
LOAD ./Core/Src/fsm_automatic.o
LOAD ./Core/Src/fsm_manual.o
LOAD ./Core/Src/fsm_setting.o
LOAD ./Core/Src/global.o
LOAD ./Core/Src/gpio.o
LOAD ./Core/Src/i2c.o
LOAD ./Core/Src/i2c_lcd.o
LOAD ./Core/Src/main.o
LOAD ./Core/Src/software_timer.o
LOAD ./Core/Src/stm32f1xx_hal_msp.o
LOAD ./Core/Src/stm32f1xx_it.o
LOAD ./Core/Src/syscalls.o
LOAD ./Core/Src/sysmem.o
LOAD ./Core/Src/system_stm32f1xx.o
LOAD ./Core/Src/tim.o
LOAD ./Core/Src/traffic_light.o
LOAD ./Core/Src/usart.o
LOAD ./Core/Startup/startup_stm32f103rbtx.o
LOAD ./Drivers/STM32F1xx_HAL_Driver/Src/stm32f1xx_hal.o
LOAD ./Drivers/STM32F1xx_HAL_Driver/Src/stm32f1xx_hal_cortex.o
LOAD ./Drivers/STM32F1xx_HAL_Driver/Src/stm32f1xx_hal_dma.o
LOAD ./Drivers/STM32F1xx_HAL_Driver/Src/stm32f1xx_hal_exti.o
LOAD ./Drivers/STM32F1xx_HAL_Driver/Src/stm32f1xx_hal_flash.o
LOAD ./Drivers/STM32F1xx_HAL_Driver/Src/stm32f1xx_hal_flash_ex.o
LOAD ./Drivers/STM32F1xx_HAL_Driver/Src/stm32f1xx_hal_gpio.o
LOAD ./Drivers/STM32F1xx_HAL_Driver/Src/stm32f1xx_hal_gpio_ex.o
LOAD ./Drivers/STM32F1xx_HAL_Driver/Src/stm32f1xx_hal_i2c.o
LOAD ./Drivers/STM32F1xx_HAL_Driver/Src/stm32f1xx_hal_pwr.o
LOAD ./Drivers/STM32F1xx_HAL_Driver/Src/stm32f1xx_hal_rcc.o
LOAD ./Drivers/STM32F1xx_HAL_Driver/Src/stm32f1xx_hal_rcc_ex.o
LOAD ./Drivers/STM32F1xx_HAL_Driver/Src/stm32f1xx_hal_tim.o
LOAD ./Drivers/STM32F1xx_HAL_Driver/Src/stm32f1xx_hal_tim_ex.o
LOAD ./Drivers/STM32F1xx_HAL_Driver/Src/stm32f1xx_hal_uart.o
START GROUP
LOAD d:/stm32cubeide_1.7.0/stm32cubeide/plugins/com.st.stm32cube.ide.mcu.externaltools.gnu-tools-for-stm32.9-2020-q2-update.win32_2.0.0.202105311346/tools/bin/../lib/gcc/arm-none-eabi/9.3.1/../../../../arm-none-eabi/lib/thumb/v7-m/nofp\libc_nano.a
LOAD d:/stm32cubeide_1.7.0/stm32cubeide/plugins/com.st.stm32cube.ide.mcu.externaltools.gnu-tools-for-stm32.9-2020-q2-update.win32_2.0.0.202105311346/tools/bin/../lib/gcc/arm-none-eabi/9.3.1/../../../../arm-none-eabi/lib/thumb/v7-m/nofp\libm.a
END GROUP
START GROUP
LOAD d:/stm32cubeide_1.7.0/stm32cubeide/plugins/com.st.stm32cube.ide.mcu.externaltools.gnu-tools-for-stm32.9-2020-q2-update.win32_2.0.0.202105311346/tools/bin/../lib/gcc/arm-none-eabi/9.3.1/thumb/v7-m/nofp\libgcc.a
LOAD d:/stm32cubeide_1.7.0/stm32cubeide/plugins/com.st.stm32cube.ide.mcu.externaltools.gnu-tools-for-stm32.9-2020-q2-update.win32_2.0.0.202105311346/tools/bin/../lib/gcc/arm-none-eabi/9.3.1/../../../../arm-none-eabi/lib/thumb/v7-m/nofp\libc_nano.a
END GROUP
START GROUP
LOAD d:/stm32cubeide_1.7.0/stm32cubeide/plugins/com.st.stm32cube.ide.mcu.externaltools.gnu-tools-for-stm32.9-2020-q2-update.win32_2.0.0.202105311346/tools/bin/../lib/gcc/arm-none-eabi/9.3.1/thumb/v7-m/nofp\libgcc.a
LOAD d:/stm32cubeide_1.7.0/stm32cubeide/plugins/com.st.stm32cube.ide.mcu.externaltools.gnu-tools-for-stm32.9-2020-q2-update.win32_2.0.0.202105311346/tools/bin/../lib/gcc/arm-none-eabi/9.3.1/../../../../arm-none-eabi/lib/thumb/v7-m/nofp\libc_nano.a
LOAD d:/stm32cubeide_1.7.0/stm32cubeide/plugins/com.st.stm32cube.ide.mcu.externaltools.gnu-tools-for-stm32.9-2020-q2-update.win32_2.0.0.202105311346/tools/bin/../lib/gcc/arm-none-eabi/9.3.1/../../../../arm-none-eabi/lib/thumb/v7-m/nofp\libnosys.a
END GROUP
START GROUP
LOAD d:/stm32cubeide_1.7.0/stm32cubeide/plugins/com.st.stm32cube.ide.mcu.externaltools.gnu-tools-for-stm32.9-2020-q2-update.win32_2.0.0.202105311346/tools/bin/../lib/gcc/arm-none-eabi/9.3.1/thumb/v7-m/nofp\libgcc.a
LOAD d:/stm32cubeide_1.7.0/stm32cubeide/plugins/com.st.stm32cube.ide.mcu.externaltools.gnu-tools-for-stm32.9-2020-q2-update.win32_2.0.0.202105311346/tools/bin/../lib/gcc/arm-none-eabi/9.3.1/../../../../arm-none-eabi/lib/thumb/v7-m/nofp\libc_nano.a
LOAD d:/stm32cubeide_1.7.0/stm32cubeide/plugins/com.st.stm32cube.ide.mcu.externaltools.gnu-tools-for-stm32.9-2020-q2-update.win32_2.0.0.202105311346/tools/bin/../lib/gcc/arm-none-eabi/9.3.1/../../../../arm-none-eabi/lib/thumb/v7-m/nofp\libnosys.a
END GROUP
LOAD d:/stm32cubeide_1.7.0/stm32cubeide/plugins/com.st.stm32cube.ide.mcu.externaltools.gnu-tools-for-stm32.9-2020-q2-update.win32_2.0.0.202105311346/tools/bin/../lib/gcc/arm-none-eabi/9.3.1/thumb/v7-m/nofp/crtend.o
LOAD d:/stm32cubeide_1.7.0/stm32cubeide/plugins/com.st.stm32cube.ide.mcu.externaltools.gnu-tools-for-stm32.9-2020-q2-update.win32_2.0.0.202105311346/tools/bin/../lib/gcc/arm-none-eabi/9.3.1/thumb/v7-m/nofp/crtn.o
                0x0000000020005000                _estack = (ORIGIN (RAM) + LENGTH (RAM))
                0x0000000000000200                _Min_Heap_Size = 0x200
                0x0000000000000400                _Min_Stack_Size = 0x400

.isr_vector     0x0000000008000000      0x10c
                0x0000000008000000                . = ALIGN (0x4)
 *(.isr_vector)
 .isr_vector    0x0000000008000000      0x10c ./Core/Startup/startup_stm32f103rbtx.o
                0x0000000008000000                g_pfnVectors
                0x000000000800010c                . = ALIGN (0x4)

.text           0x000000000800010c     0x445c
                0x000000000800010c                . = ALIGN (0x4)
 *(.text)
 .text          0x000000000800010c       0x40 d:/stm32cubeide_1.7.0/stm32cubeide/plugins/com.st.stm32cube.ide.mcu.externaltools.gnu-tools-for-stm32.9-2020-q2-update.win32_2.0.0.202105311346/tools/bin/../lib/gcc/arm-none-eabi/9.3.1/thumb/v7-m/nofp/crtbegin.o
 *(.text*)
 .text.isApplyPressed
                0x000000000800014c       0x24 ./Core/Src/button.o
                0x000000000800014c                isApplyPressed
 .text.isModePressed
                0x0000000008000170       0x24 ./Core/Src/button.o
                0x0000000008000170                isModePressed
 .text.isTimeUpPressed
                0x0000000008000194       0x24 ./Core/Src/button.o
                0x0000000008000194                isTimeUpPressed
 .text.isTimeDownPressed
                0x00000000080001b8       0x24 ./Core/Src/button.o
                0x00000000080001b8                isTimeDownPressed
 .text.getKeyInput
                0x00000000080001dc      0x1e8 ./Core/Src/button.o
                0x00000000080001dc                getKeyInput
 .text.lcd_update_mode
                0x00000000080003c4       0x54 ./Core/Src/fsm_automatic.o
 .text.lcd_update_timers
                0x0000000008000418       0x78 ./Core/Src/fsm_automatic.o
 .text.fsm_automatic_run
                0x0000000008000490      0x460 ./Core/Src/fsm_automatic.o
                0x0000000008000490                fsm_automatic_run
 .text.lcd_show_manual_mode
                0x00000000080008f0       0x68 ./Core/Src/fsm_manual.o
 .text.fsm_manual
                0x0000000008000958      0x164 ./Core/Src/fsm_manual.o
                0x0000000008000958                fsm_manual
 .text.lcd_update_setting
                0x0000000008000abc       0x9c ./Core/Src/fsm_setting.o
 .text.fsm_setting
                0x0000000008000b58      0x3f4 ./Core/Src/fsm_setting.o
                0x0000000008000b58                fsm_setting
 .text.MX_GPIO_Init
                0x0000000008000f4c      0x140 ./Core/Src/gpio.o
                0x0000000008000f4c                MX_GPIO_Init
 .text.MX_I2C1_Init
                0x000000000800108c       0x5c ./Core/Src/i2c.o
                0x000000000800108c                MX_I2C1_Init
 .text.HAL_I2C_MspInit
                0x00000000080010e8       0x7c ./Core/Src/i2c.o
                0x00000000080010e8                HAL_I2C_MspInit
 .text.lcd_init
                0x0000000008001164       0x7a ./Core/Src/i2c_lcd.o
                0x0000000008001164                lcd_init
 *fill*         0x00000000080011de        0x2 
 .text.lcd_send_cmd
                0x00000000080011e0       0x6c ./Core/Src/i2c_lcd.o
                0x00000000080011e0                lcd_send_cmd
 .text.lcd_send_data
                0x000000000800124c       0x6c ./Core/Src/i2c_lcd.o
                0x000000000800124c                lcd_send_data
 .text.lcd_clear
                0x00000000080012b8       0x14 ./Core/Src/i2c_lcd.o
                0x00000000080012b8                lcd_clear
 .text.lcd_put_cursor
                0x00000000080012cc       0x3a ./Core/Src/i2c_lcd.o
                0x00000000080012cc                lcd_put_cursor
 .text.lcd_send_string
                0x0000000008001306       0x2a ./Core/Src/i2c_lcd.o
                0x0000000008001306                lcd_send_string
 .text.main     0x0000000008001330       0xa4 ./Core/Src/main.o
                0x0000000008001330                main
 .text.SystemClock_Config
                0x00000000080013d4       0x82 ./Core/Src/main.o
                0x00000000080013d4                SystemClock_Config
 .text.HAL_TIM_PeriodElapsedCallback
                0x0000000008001456       0x18 ./Core/Src/main.o
                0x0000000008001456                HAL_TIM_PeriodElapsedCallback
 .text.Error_Handler
                0x000000000800146e        0xa ./Core/Src/main.o
                0x000000000800146e                Error_Handler
 .text.setTimer
                0x0000000008001478       0x40 ./Core/Src/software_timer.o
                0x0000000008001478                setTimer
 .text.timer_run
                0x00000000080014b8       0x60 ./Core/Src/software_timer.o
                0x00000000080014b8                timer_run
 .text.HAL_MspInit
                0x0000000008001518       0x64 ./Core/Src/stm32f1xx_hal_msp.o
                0x0000000008001518                HAL_MspInit
 .text.NMI_Handler
                0x000000000800157c        0x6 ./Core/Src/stm32f1xx_it.o
                0x000000000800157c                NMI_Handler
 .text.HardFault_Handler
                0x0000000008001582        0x6 ./Core/Src/stm32f1xx_it.o
                0x0000000008001582                HardFault_Handler
 .text.MemManage_Handler
                0x0000000008001588        0x6 ./Core/Src/stm32f1xx_it.o
                0x0000000008001588                MemManage_Handler
 .text.BusFault_Handler
                0x000000000800158e        0x6 ./Core/Src/stm32f1xx_it.o
                0x000000000800158e                BusFault_Handler
 .text.UsageFault_Handler
                0x0000000008001594        0x6 ./Core/Src/stm32f1xx_it.o
                0x0000000008001594                UsageFault_Handler
 .text.SVC_Handler
                0x000000000800159a        0xc ./Core/Src/stm32f1xx_it.o
                0x000000000800159a                SVC_Handler
 .text.DebugMon_Handler
                0x00000000080015a6        0xc ./Core/Src/stm32f1xx_it.o
                0x00000000080015a6                DebugMon_Handler
 .text.PendSV_Handler
                0x00000000080015b2        0xc ./Core/Src/stm32f1xx_it.o
                0x00000000080015b2                PendSV_Handler
 .text.SysTick_Handler
                0x00000000080015be        0xc ./Core/Src/stm32f1xx_it.o
                0x00000000080015be                SysTick_Handler
 *fill*         0x00000000080015ca        0x2 
 .text.TIM2_IRQHandler
                0x00000000080015cc       0x14 ./Core/Src/stm32f1xx_it.o
                0x00000000080015cc                TIM2_IRQHandler
 .text.EXTI15_10_IRQHandler
                0x00000000080015e0       0x10 ./Core/Src/stm32f1xx_it.o
                0x00000000080015e0                EXTI15_10_IRQHandler
 .text._sbrk    0x00000000080015f0       0x6c ./Core/Src/sysmem.o
                0x00000000080015f0                _sbrk
 .text.SystemInit
                0x000000000800165c        0xc ./Core/Src/system_stm32f1xx.o
                0x000000000800165c                SystemInit
 .text.MX_TIM2_Init
                0x0000000008001668       0x98 ./Core/Src/tim.o
                0x0000000008001668                MX_TIM2_Init
 .text.HAL_TIM_Base_MspInit
                0x0000000008001700       0x48 ./Core/Src/tim.o
                0x0000000008001700                HAL_TIM_Base_MspInit
 .text.set_group_color
                0x0000000008001748       0x4c ./Core/Src/traffic_light.o
 .text.set_axis1
                0x0000000008001794       0x28 ./Core/Src/traffic_light.o
 .text.set_axis2
                0x00000000080017bc       0x2c ./Core/Src/traffic_light.o
 .text.INIT_LIGHT
                0x00000000080017e8       0x14 ./Core/Src/traffic_light.o
                0x00000000080017e8                INIT_LIGHT
 .text.LIGHT_RED_GREEN
                0x00000000080017fc       0x14 ./Core/Src/traffic_light.o
                0x00000000080017fc                LIGHT_RED_GREEN
 .text.LIGHT_RED_YELOW
                0x0000000008001810       0x14 ./Core/Src/traffic_light.o
                0x0000000008001810                LIGHT_RED_YELOW
 .text.LIGHT_GREEN_RED
                0x0000000008001824       0x14 ./Core/Src/traffic_light.o
                0x0000000008001824                LIGHT_GREEN_RED
 .text.LIGHT_YELOW_RED
                0x0000000008001838       0x14 ./Core/Src/traffic_light.o
                0x0000000008001838                LIGHT_YELOW_RED
 .text.Toggle_red
                0x000000000800184c       0x48 ./Core/Src/traffic_light.o
                0x000000000800184c                Toggle_red
 .text.Toggle_yelow
                0x0000000008001894       0x48 ./Core/Src/traffic_light.o
                0x0000000008001894                Toggle_yelow
 .text.Toggle_green
                0x00000000080018dc       0x48 ./Core/Src/traffic_light.o
                0x00000000080018dc                Toggle_green
 .text.MX_USART2_UART_Init
                0x0000000008001924       0x54 ./Core/Src/usart.o
                0x0000000008001924                MX_USART2_UART_Init
 .text.HAL_UART_MspInit
                0x0000000008001978       0x7c ./Core/Src/usart.o
                0x0000000008001978                HAL_UART_MspInit
 .text.Reset_Handler
                0x00000000080019f4       0x48 ./Core/Startup/startup_stm32f103rbtx.o
                0x00000000080019f4                Reset_Handler
 .text.Default_Handler
                0x0000000008001a3c        0x2 ./Core/Startup/startup_stm32f103rbtx.o
                0x0000000008001a3c                RTC_Alarm_IRQHandler
                0x0000000008001a3c                EXTI2_IRQHandler
                0x0000000008001a3c                TIM1_CC_IRQHandler
                0x0000000008001a3c                PVD_IRQHandler
                0x0000000008001a3c                EXTI3_IRQHandler
                0x0000000008001a3c                EXTI0_IRQHandler
                0x0000000008001a3c                I2C2_EV_IRQHandler
                0x0000000008001a3c                ADC1_2_IRQHandler
                0x0000000008001a3c                SPI1_IRQHandler
                0x0000000008001a3c                TAMPER_IRQHandler
                0x0000000008001a3c                DMA1_Channel4_IRQHandler
                0x0000000008001a3c                USART3_IRQHandler
                0x0000000008001a3c                RTC_IRQHandler
                0x0000000008001a3c                DMA1_Channel7_IRQHandler
                0x0000000008001a3c                CAN1_RX1_IRQHandler
                0x0000000008001a3c                TIM4_IRQHandler
                0x0000000008001a3c                I2C1_EV_IRQHandler
                0x0000000008001a3c                DMA1_Channel6_IRQHandler
                0x0000000008001a3c                TIM3_IRQHandler
                0x0000000008001a3c                RCC_IRQHandler
                0x0000000008001a3c                TIM1_TRG_COM_IRQHandler
                0x0000000008001a3c                DMA1_Channel1_IRQHandler
                0x0000000008001a3c                Default_Handler
                0x0000000008001a3c                EXTI9_5_IRQHandler
                0x0000000008001a3c                SPI2_IRQHandler
                0x0000000008001a3c                DMA1_Channel5_IRQHandler
                0x0000000008001a3c                EXTI4_IRQHandler
                0x0000000008001a3c                USB_LP_CAN1_RX0_IRQHandler
                0x0000000008001a3c                USB_HP_CAN1_TX_IRQHandler
                0x0000000008001a3c                DMA1_Channel3_IRQHandler
                0x0000000008001a3c                TIM1_UP_IRQHandler
                0x0000000008001a3c                WWDG_IRQHandler
                0x0000000008001a3c                TIM1_BRK_IRQHandler
                0x0000000008001a3c                EXTI1_IRQHandler
                0x0000000008001a3c                USART2_IRQHandler
                0x0000000008001a3c                I2C2_ER_IRQHandler
                0x0000000008001a3c                DMA1_Channel2_IRQHandler
                0x0000000008001a3c                CAN1_SCE_IRQHandler
                0x0000000008001a3c                FLASH_IRQHandler
                0x0000000008001a3c                USART1_IRQHandler
                0x0000000008001a3c                I2C1_ER_IRQHandler
                0x0000000008001a3c                USBWakeUp_IRQHandler
 *fill*         0x0000000008001a3e        0x2 
 .text.HAL_Init
                0x0000000008001a40       0x2c ./Drivers/STM32F1xx_HAL_Driver/Src/stm32f1xx_hal.o
                0x0000000008001a40                HAL_Init
 .text.HAL_InitTick
                0x0000000008001a6c       0x60 ./Drivers/STM32F1xx_HAL_Driver/Src/stm32f1xx_hal.o
                0x0000000008001a6c                HAL_InitTick
 .text.HAL_IncTick
                0x0000000008001acc       0x24 ./Drivers/STM32F1xx_HAL_Driver/Src/stm32f1xx_hal.o
                0x0000000008001acc                HAL_IncTick
 .text.HAL_GetTick
                0x0000000008001af0       0x14 ./Drivers/STM32F1xx_HAL_Driver/Src/stm32f1xx_hal.o
                0x0000000008001af0                HAL_GetTick
 .text.HAL_Delay
                0x0000000008001b04       0x48 ./Drivers/STM32F1xx_HAL_Driver/Src/stm32f1xx_hal.o
                0x0000000008001b04                HAL_Delay
 .text.__NVIC_SetPriorityGrouping
                0x0000000008001b4c       0x48 ./Drivers/STM32F1xx_HAL_Driver/Src/stm32f1xx_hal_cortex.o
 .text.__NVIC_GetPriorityGrouping
                0x0000000008001b94       0x1c ./Drivers/STM32F1xx_HAL_Driver/Src/stm32f1xx_hal_cortex.o
 .text.__NVIC_EnableIRQ
                0x0000000008001bb0       0x38 ./Drivers/STM32F1xx_HAL_Driver/Src/stm32f1xx_hal_cortex.o
 .text.__NVIC_SetPriority
                0x0000000008001be8       0x54 ./Drivers/STM32F1xx_HAL_Driver/Src/stm32f1xx_hal_cortex.o
 .text.NVIC_EncodePriority
                0x0000000008001c3c       0x64 ./Drivers/STM32F1xx_HAL_Driver/Src/stm32f1xx_hal_cortex.o
 .text.SysTick_Config
                0x0000000008001ca0       0x44 ./Drivers/STM32F1xx_HAL_Driver/Src/stm32f1xx_hal_cortex.o
 .text.HAL_NVIC_SetPriorityGrouping
                0x0000000008001ce4       0x16 ./Drivers/STM32F1xx_HAL_Driver/Src/stm32f1xx_hal_cortex.o
                0x0000000008001ce4                HAL_NVIC_SetPriorityGrouping
 .text.HAL_NVIC_SetPriority
                0x0000000008001cfa       0x38 ./Drivers/STM32F1xx_HAL_Driver/Src/stm32f1xx_hal_cortex.o
                0x0000000008001cfa                HAL_NVIC_SetPriority
 .text.HAL_NVIC_EnableIRQ
                0x0000000008001d32       0x1c ./Drivers/STM32F1xx_HAL_Driver/Src/stm32f1xx_hal_cortex.o
                0x0000000008001d32                HAL_NVIC_EnableIRQ
 .text.HAL_SYSTICK_Config
                0x0000000008001d4e       0x18 ./Drivers/STM32F1xx_HAL_Driver/Src/stm32f1xx_hal_cortex.o
                0x0000000008001d4e                HAL_SYSTICK_Config
 *fill*         0x0000000008001d66        0x2 
 .text.HAL_GPIO_Init
                0x0000000008001d68      0x308 ./Drivers/STM32F1xx_HAL_Driver/Src/stm32f1xx_hal_gpio.o
                0x0000000008001d68                HAL_GPIO_Init
 .text.HAL_GPIO_ReadPin
                0x0000000008002070       0x2e ./Drivers/STM32F1xx_HAL_Driver/Src/stm32f1xx_hal_gpio.o
                0x0000000008002070                HAL_GPIO_ReadPin
 .text.HAL_GPIO_WritePin
                0x000000000800209e       0x30 ./Drivers/STM32F1xx_HAL_Driver/Src/stm32f1xx_hal_gpio.o
                0x000000000800209e                HAL_GPIO_WritePin
 *fill*         0x00000000080020ce        0x2 
 .text.HAL_GPIO_EXTI_IRQHandler
                0x00000000080020d0       0x30 ./Drivers/STM32F1xx_HAL_Driver/Src/stm32f1xx_hal_gpio.o
                0x00000000080020d0                HAL_GPIO_EXTI_IRQHandler
 .text.HAL_GPIO_EXTI_Callback
                0x0000000008002100       0x14 ./Drivers/STM32F1xx_HAL_Driver/Src/stm32f1xx_hal_gpio.o
                0x0000000008002100                HAL_GPIO_EXTI_Callback
 .text.HAL_I2C_Init
                0x0000000008002114      0x288 ./Drivers/STM32F1xx_HAL_Driver/Src/stm32f1xx_hal_i2c.o
                0x0000000008002114                HAL_I2C_Init
 .text.HAL_I2C_Master_Transmit
                0x000000000800239c      0x1fc ./Drivers/STM32F1xx_HAL_Driver/Src/stm32f1xx_hal_i2c.o
                0x000000000800239c                HAL_I2C_Master_Transmit
 .text.I2C_MasterRequestWrite
                0x0000000008002598      0x104 ./Drivers/STM32F1xx_HAL_Driver/Src/stm32f1xx_hal_i2c.o
 .text.I2C_WaitOnFlagUntilTimeout
                0x000000000800269c       0xf4 ./Drivers/STM32F1xx_HAL_Driver/Src/stm32f1xx_hal_i2c.o
 .text.I2C_WaitOnMasterAddressFlagUntilTimeout
                0x0000000008002790      0x140 ./Drivers/STM32F1xx_HAL_Driver/Src/stm32f1xx_hal_i2c.o
 .text.I2C_WaitOnTXEFlagUntilTimeout
                0x00000000080028d0       0x90 ./Drivers/STM32F1xx_HAL_Driver/Src/stm32f1xx_hal_i2c.o
 .text.I2C_WaitOnBTFFlagUntilTimeout
                0x0000000008002960       0x90 ./Drivers/STM32F1xx_HAL_Driver/Src/stm32f1xx_hal_i2c.o
 .text.I2C_IsAcknowledgeFailed
                0x00000000080029f0       0x5c ./Drivers/STM32F1xx_HAL_Driver/Src/stm32f1xx_hal_i2c.o
 .text.HAL_RCC_OscConfig
                0x0000000008002a4c      0x500 ./Drivers/STM32F1xx_HAL_Driver/Src/stm32f1xx_hal_rcc.o
                0x0000000008002a4c                HAL_RCC_OscConfig
 .text.HAL_RCC_ClockConfig
                0x0000000008002f4c      0x1d4 ./Drivers/STM32F1xx_HAL_Driver/Src/stm32f1xx_hal_rcc.o
                0x0000000008002f4c                HAL_RCC_ClockConfig
 .text.HAL_RCC_GetSysClockFreq
                0x0000000008003120       0xa8 ./Drivers/STM32F1xx_HAL_Driver/Src/stm32f1xx_hal_rcc.o
                0x0000000008003120                HAL_RCC_GetSysClockFreq
 .text.HAL_RCC_GetHCLKFreq
                0x00000000080031c8       0x14 ./Drivers/STM32F1xx_HAL_Driver/Src/stm32f1xx_hal_rcc.o
                0x00000000080031c8                HAL_RCC_GetHCLKFreq
 .text.HAL_RCC_GetPCLK1Freq
                0x00000000080031dc       0x28 ./Drivers/STM32F1xx_HAL_Driver/Src/stm32f1xx_hal_rcc.o
                0x00000000080031dc                HAL_RCC_GetPCLK1Freq
 .text.HAL_RCC_GetPCLK2Freq
                0x0000000008003204       0x28 ./Drivers/STM32F1xx_HAL_Driver/Src/stm32f1xx_hal_rcc.o
                0x0000000008003204                HAL_RCC_GetPCLK2Freq
 .text.RCC_Delay
                0x000000000800322c       0x3c ./Drivers/STM32F1xx_HAL_Driver/Src/stm32f1xx_hal_rcc.o
 .text.HAL_TIM_Base_Init
                0x0000000008003268       0x9e ./Drivers/STM32F1xx_HAL_Driver/Src/stm32f1xx_hal_tim.o
                0x0000000008003268                HAL_TIM_Base_Init
 *fill*         0x0000000008003306        0x2 
 .text.HAL_TIM_Base_Start_IT
                0x0000000008003308       0xa4 ./Drivers/STM32F1xx_HAL_Driver/Src/stm32f1xx_hal_tim.o
                0x0000000008003308                HAL_TIM_Base_Start_IT
 .text.HAL_TIM_IRQHandler
                0x00000000080033ac      0x1e0 ./Drivers/STM32F1xx_HAL_Driver/Src/stm32f1xx_hal_tim.o
                0x00000000080033ac                HAL_TIM_IRQHandler
 .text.HAL_TIM_ConfigClockSource
                0x000000000800358c      0x18e ./Drivers/STM32F1xx_HAL_Driver/Src/stm32f1xx_hal_tim.o
                0x000000000800358c                HAL_TIM_ConfigClockSource
 .text.HAL_TIM_OC_DelayElapsedCallback
                0x000000000800371a       0x12 ./Drivers/STM32F1xx_HAL_Driver/Src/stm32f1xx_hal_tim.o
                0x000000000800371a                HAL_TIM_OC_DelayElapsedCallback
 .text.HAL_TIM_IC_CaptureCallback
                0x000000000800372c       0x12 ./Drivers/STM32F1xx_HAL_Driver/Src/stm32f1xx_hal_tim.o
                0x000000000800372c                HAL_TIM_IC_CaptureCallback
 .text.HAL_TIM_PWM_PulseFinishedCallback
                0x000000000800373e       0x12 ./Drivers/STM32F1xx_HAL_Driver/Src/stm32f1xx_hal_tim.o
                0x000000000800373e                HAL_TIM_PWM_PulseFinishedCallback
 .text.HAL_TIM_TriggerCallback
                0x0000000008003750       0x12 ./Drivers/STM32F1xx_HAL_Driver/Src/stm32f1xx_hal_tim.o
                0x0000000008003750                HAL_TIM_TriggerCallback
 *fill*         0x0000000008003762        0x2 
 .text.TIM_Base_SetConfig
                0x0000000008003764       0xdc ./Drivers/STM32F1xx_HAL_Driver/Src/stm32f1xx_hal_tim.o
                0x0000000008003764                TIM_Base_SetConfig
 .text.TIM_TI1_ConfigInputStage
                0x0000000008003840       0x5c ./Drivers/STM32F1xx_HAL_Driver/Src/stm32f1xx_hal_tim.o
 .text.TIM_TI2_ConfigInputStage
                0x000000000800389c       0x5e ./Drivers/STM32F1xx_HAL_Driver/Src/stm32f1xx_hal_tim.o
 .text.TIM_ITRx_SetConfig
                0x00000000080038fa       0x34 ./Drivers/STM32F1xx_HAL_Driver/Src/stm32f1xx_hal_tim.o
 .text.TIM_ETR_SetConfig
                0x000000000800392e       0x3e ./Drivers/STM32F1xx_HAL_Driver/Src/stm32f1xx_hal_tim.o
                0x000000000800392e                TIM_ETR_SetConfig
 .text.HAL_TIMEx_MasterConfigSynchronization
                0x000000000800396c       0xbc ./Drivers/STM32F1xx_HAL_Driver/Src/stm32f1xx_hal_tim_ex.o
                0x000000000800396c                HAL_TIMEx_MasterConfigSynchronization
 .text.HAL_TIMEx_CommutCallback
                0x0000000008003a28       0x12 ./Drivers/STM32F1xx_HAL_Driver/Src/stm32f1xx_hal_tim_ex.o
                0x0000000008003a28                HAL_TIMEx_CommutCallback
 .text.HAL_TIMEx_BreakCallback
                0x0000000008003a3a       0x12 ./Drivers/STM32F1xx_HAL_Driver/Src/stm32f1xx_hal_tim_ex.o
                0x0000000008003a3a                HAL_TIMEx_BreakCallback
 .text.HAL_UART_Init
                0x0000000008003a4c       0xa0 ./Drivers/STM32F1xx_HAL_Driver/Src/stm32f1xx_hal_uart.o
                0x0000000008003a4c                HAL_UART_Init
 .text.UART_SetConfig
                0x0000000008003aec      0x11c ./Drivers/STM32F1xx_HAL_Driver/Src/stm32f1xx_hal_uart.o
 .text.__errno  0x0000000008003c08        0xc d:/stm32cubeide_1.7.0/stm32cubeide/plugins/com.st.stm32cube.ide.mcu.externaltools.gnu-tools-for-stm32.9-2020-q2-update.win32_2.0.0.202105311346/tools/bin/../lib/gcc/arm-none-eabi/9.3.1/../../../../arm-none-eabi/lib/thumb/v7-m/nofp\libc_nano.a(lib_a-errno.o)
                0x0000000008003c08                __errno
 .text.__libc_init_array
                0x0000000008003c14       0x48 d:/stm32cubeide_1.7.0/stm32cubeide/plugins/com.st.stm32cube.ide.mcu.externaltools.gnu-tools-for-stm32.9-2020-q2-update.win32_2.0.0.202105311346/tools/bin/../lib/gcc/arm-none-eabi/9.3.1/../../../../arm-none-eabi/lib/thumb/v7-m/nofp\libc_nano.a(lib_a-init.o)
                0x0000000008003c14                __libc_init_array
 .text.memset   0x0000000008003c5c       0x10 d:/stm32cubeide_1.7.0/stm32cubeide/plugins/com.st.stm32cube.ide.mcu.externaltools.gnu-tools-for-stm32.9-2020-q2-update.win32_2.0.0.202105311346/tools/bin/../lib/gcc/arm-none-eabi/9.3.1/../../../../arm-none-eabi/lib/thumb/v7-m/nofp\libc_nano.a(lib_a-memset.o)
                0x0000000008003c5c                memset
 .text.snprintf
                0x0000000008003c6c       0x68 d:/stm32cubeide_1.7.0/stm32cubeide/plugins/com.st.stm32cube.ide.mcu.externaltools.gnu-tools-for-stm32.9-2020-q2-update.win32_2.0.0.202105311346/tools/bin/../lib/gcc/arm-none-eabi/9.3.1/../../../../arm-none-eabi/lib/thumb/v7-m/nofp\libc_nano.a(lib_a-snprintf.o)
                0x0000000008003c6c                sniprintf
                0x0000000008003c6c                snprintf
 .text.strncmp  0x0000000008003cd4       0x24 d:/stm32cubeide_1.7.0/stm32cubeide/plugins/com.st.stm32cube.ide.mcu.externaltools.gnu-tools-for-stm32.9-2020-q2-update.win32_2.0.0.202105311346/tools/bin/../lib/gcc/arm-none-eabi/9.3.1/../../../../arm-none-eabi/lib/thumb/v7-m/nofp\libc_nano.a(lib_a-strncmp.o)
                0x0000000008003cd4                strncmp
 .text.strncpy  0x0000000008003cf8       0x26 d:/stm32cubeide_1.7.0/stm32cubeide/plugins/com.st.stm32cube.ide.mcu.externaltools.gnu-tools-for-stm32.9-2020-q2-update.win32_2.0.0.202105311346/tools/bin/../lib/gcc/arm-none-eabi/9.3.1/../../../../arm-none-eabi/lib/thumb/v7-m/nofp\libc_nano.a(lib_a-strncpy.o)
                0x0000000008003cf8                strncpy
 .text.__ssputs_r
                0x0000000008003d1e       0xb6 d:/stm32cubeide_1.7.0/stm32cubeide/plugins/com.st.stm32cube.ide.mcu.externaltools.gnu-tools-for-stm32.9-2020-q2-update.win32_2.0.0.202105311346/tools/bin/../lib/gcc/arm-none-eabi/9.3.1/../../../../arm-none-eabi/lib/thumb/v7-m/nofp\libc_nano.a(lib_a-nano-svfprintf.o)
                0x0000000008003d1e                __ssputs_r
 .text._svfprintf_r
                0x0000000008003dd4      0x200 d:/stm32cubeide_1.7.0/stm32cubeide/plugins/com.st.stm32cube.ide.mcu.externaltools.gnu-tools-for-stm32.9-2020-q2-update.win32_2.0.0.202105311346/tools/bin/../lib/gcc/arm-none-eabi/9.3.1/../../../../arm-none-eabi/lib/thumb/v7-m/nofp\libc_nano.a(lib_a-nano-svfprintf.o)
                0x0000000008003dd4                _svfiprintf_r
                0x0000000008003dd4                _svfprintf_r
 .text._printf_common
                0x0000000008003fd4       0xde d:/stm32cubeide_1.7.0/stm32cubeide/plugins/com.st.stm32cube.ide.mcu.externaltools.gnu-tools-for-stm32.9-2020-q2-update.win32_2.0.0.202105311346/tools/bin/../lib/gcc/arm-none-eabi/9.3.1/../../../../arm-none-eabi/lib/thumb/v7-m/nofp\libc_nano.a(lib_a-nano-vfprintf_i.o)
                0x0000000008003fd4                _printf_common
 *fill*         0x00000000080040b2        0x2 
 .text._printf_i
                0x00000000080040b4      0x24c d:/stm32cubeide_1.7.0/stm32cubeide/plugins/com.st.stm32cube.ide.mcu.externaltools.gnu-tools-for-stm32.9-2020-q2-update.win32_2.0.0.202105311346/tools/bin/../lib/gcc/arm-none-eabi/9.3.1/../../../../arm-none-eabi/lib/thumb/v7-m/nofp\libc_nano.a(lib_a-nano-vfprintf_i.o)
                0x00000000080040b4                _printf_i
 .text.memchr   0x0000000008004300       0x1c d:/stm32cubeide_1.7.0/stm32cubeide/plugins/com.st.stm32cube.ide.mcu.externaltools.gnu-tools-for-stm32.9-2020-q2-update.win32_2.0.0.202105311346/tools/bin/../lib/gcc/arm-none-eabi/9.3.1/../../../../arm-none-eabi/lib/thumb/v7-m/nofp\libc_nano.a(lib_a-memchr-stub.o)
                0x0000000008004300                memchr
 .text.memcpy   0x000000000800431c       0x1c d:/stm32cubeide_1.7.0/stm32cubeide/plugins/com.st.stm32cube.ide.mcu.externaltools.gnu-tools-for-stm32.9-2020-q2-update.win32_2.0.0.202105311346/tools/bin/../lib/gcc/arm-none-eabi/9.3.1/../../../../arm-none-eabi/lib/thumb/v7-m/nofp\libc_nano.a(lib_a-memcpy-stub.o)
                0x000000000800431c                memcpy
 .text.memmove  0x0000000008004338       0x34 d:/stm32cubeide_1.7.0/stm32cubeide/plugins/com.st.stm32cube.ide.mcu.externaltools.gnu-tools-for-stm32.9-2020-q2-update.win32_2.0.0.202105311346/tools/bin/../lib/gcc/arm-none-eabi/9.3.1/../../../../arm-none-eabi/lib/thumb/v7-m/nofp\libc_nano.a(lib_a-memmove.o)
                0x0000000008004338                memmove
 .text._free_r  0x000000000800436c       0x98 d:/stm32cubeide_1.7.0/stm32cubeide/plugins/com.st.stm32cube.ide.mcu.externaltools.gnu-tools-for-stm32.9-2020-q2-update.win32_2.0.0.202105311346/tools/bin/../lib/gcc/arm-none-eabi/9.3.1/../../../../arm-none-eabi/lib/thumb/v7-m/nofp\libc_nano.a(lib_a-nano-freer.o)
                0x000000000800436c                _free_r
 .text._malloc_r
                0x0000000008004404       0xb4 d:/stm32cubeide_1.7.0/stm32cubeide/plugins/com.st.stm32cube.ide.mcu.externaltools.gnu-tools-for-stm32.9-2020-q2-update.win32_2.0.0.202105311346/tools/bin/../lib/gcc/arm-none-eabi/9.3.1/../../../../arm-none-eabi/lib/thumb/v7-m/nofp\libc_nano.a(lib_a-nano-mallocr.o)
                0x0000000008004404                _malloc_r
 .text._realloc_r
                0x00000000080044b8       0x4c d:/stm32cubeide_1.7.0/stm32cubeide/plugins/com.st.stm32cube.ide.mcu.externaltools.gnu-tools-for-stm32.9-2020-q2-update.win32_2.0.0.202105311346/tools/bin/../lib/gcc/arm-none-eabi/9.3.1/../../../../arm-none-eabi/lib/thumb/v7-m/nofp\libc_nano.a(lib_a-nano-reallocr.o)
                0x00000000080044b8                _realloc_r
 .text._sbrk_r  0x0000000008004504       0x20 d:/stm32cubeide_1.7.0/stm32cubeide/plugins/com.st.stm32cube.ide.mcu.externaltools.gnu-tools-for-stm32.9-2020-q2-update.win32_2.0.0.202105311346/tools/bin/../lib/gcc/arm-none-eabi/9.3.1/../../../../arm-none-eabi/lib/thumb/v7-m/nofp\libc_nano.a(lib_a-sbrkr.o)
                0x0000000008004504                _sbrk_r
 .text.__malloc_lock
                0x0000000008004524        0xc d:/stm32cubeide_1.7.0/stm32cubeide/plugins/com.st.stm32cube.ide.mcu.externaltools.gnu-tools-for-stm32.9-2020-q2-update.win32_2.0.0.202105311346/tools/bin/../lib/gcc/arm-none-eabi/9.3.1/../../../../arm-none-eabi/lib/thumb/v7-m/nofp\libc_nano.a(lib_a-mlock.o)
                0x0000000008004524                __malloc_lock
 .text.__malloc_unlock
                0x0000000008004530        0xc d:/stm32cubeide_1.7.0/stm32cubeide/plugins/com.st.stm32cube.ide.mcu.externaltools.gnu-tools-for-stm32.9-2020-q2-update.win32_2.0.0.202105311346/tools/bin/../lib/gcc/arm-none-eabi/9.3.1/../../../../arm-none-eabi/lib/thumb/v7-m/nofp\libc_nano.a(lib_a-mlock.o)
                0x0000000008004530                __malloc_unlock
 .text._malloc_usable_size_r
                0x000000000800453c       0x10 d:/stm32cubeide_1.7.0/stm32cubeide/plugins/com.st.stm32cube.ide.mcu.externaltools.gnu-tools-for-stm32.9-2020-q2-update.win32_2.0.0.202105311346/tools/bin/../lib/gcc/arm-none-eabi/9.3.1/../../../../arm-none-eabi/lib/thumb/v7-m/nofp\libc_nano.a(lib_a-nano-msizer.o)
                0x000000000800453c                _malloc_usable_size_r
 .text.__retarget_lock_acquire_recursive
                0x000000000800454c        0x2 d:/stm32cubeide_1.7.0/stm32cubeide/plugins/com.st.stm32cube.ide.mcu.externaltools.gnu-tools-for-stm32.9-2020-q2-update.win32_2.0.0.202105311346/tools/bin/../lib/gcc/arm-none-eabi/9.3.1/../../../../arm-none-eabi/lib/thumb/v7-m/nofp\libc_nano.a(lib_a-lock.o)
                0x000000000800454c                __retarget_lock_acquire_recursive
 .text.__retarget_lock_release_recursive
                0x000000000800454e        0x2 d:/stm32cubeide_1.7.0/stm32cubeide/plugins/com.st.stm32cube.ide.mcu.externaltools.gnu-tools-for-stm32.9-2020-q2-update.win32_2.0.0.202105311346/tools/bin/../lib/gcc/arm-none-eabi/9.3.1/../../../../arm-none-eabi/lib/thumb/v7-m/nofp\libc_nano.a(lib_a-lock.o)
                0x000000000800454e                __retarget_lock_release_recursive
 *(.glue_7)
 .glue_7        0x0000000008004550        0x0 linker stubs
 *(.glue_7t)
 .glue_7t       0x0000000008004550        0x0 linker stubs
 *(.eh_frame)
 .eh_frame      0x0000000008004550        0x0 d:/stm32cubeide_1.7.0/stm32cubeide/plugins/com.st.stm32cube.ide.mcu.externaltools.gnu-tools-for-stm32.9-2020-q2-update.win32_2.0.0.202105311346/tools/bin/../lib/gcc/arm-none-eabi/9.3.1/thumb/v7-m/nofp/crtbegin.o
 *(.init)
 .init          0x0000000008004550        0x4 d:/stm32cubeide_1.7.0/stm32cubeide/plugins/com.st.stm32cube.ide.mcu.externaltools.gnu-tools-for-stm32.9-2020-q2-update.win32_2.0.0.202105311346/tools/bin/../lib/gcc/arm-none-eabi/9.3.1/thumb/v7-m/nofp/crti.o
                0x0000000008004550                _init
 .init          0x0000000008004554        0x8 d:/stm32cubeide_1.7.0/stm32cubeide/plugins/com.st.stm32cube.ide.mcu.externaltools.gnu-tools-for-stm32.9-2020-q2-update.win32_2.0.0.202105311346/tools/bin/../lib/gcc/arm-none-eabi/9.3.1/thumb/v7-m/nofp/crtn.o
 *(.fini)
 .fini          0x000000000800455c        0x4 d:/stm32cubeide_1.7.0/stm32cubeide/plugins/com.st.stm32cube.ide.mcu.externaltools.gnu-tools-for-stm32.9-2020-q2-update.win32_2.0.0.202105311346/tools/bin/../lib/gcc/arm-none-eabi/9.3.1/thumb/v7-m/nofp/crti.o
                0x000000000800455c                _fini
 .fini          0x0000000008004560        0x8 d:/stm32cubeide_1.7.0/stm32cubeide/plugins/com.st.stm32cube.ide.mcu.externaltools.gnu-tools-for-stm32.9-2020-q2-update.win32_2.0.0.202105311346/tools/bin/../lib/gcc/arm-none-eabi/9.3.1/thumb/v7-m/nofp/crtn.o
                0x0000000008004568                . = ALIGN (0x4)
                0x0000000008004568                _etext = .

.vfp11_veneer   0x0000000008004568        0x0
 .vfp11_veneer  0x0000000008004568        0x0 linker stubs

.v4_bx          0x0000000008004568        0x0
 .v4_bx         0x0000000008004568        0x0 linker stubs

.iplt           0x0000000008004568        0x0
 .iplt          0x0000000008004568        0x0 d:/stm32cubeide_1.7.0/stm32cubeide/plugins/com.st.stm32cube.ide.mcu.externaltools.gnu-tools-for-stm32.9-2020-q2-update.win32_2.0.0.202105311346/tools/bin/../lib/gcc/arm-none-eabi/9.3.1/thumb/v7-m/nofp/crtbegin.o

.rodata         0x0000000008004568      0x178
                0x0000000008004568                . = ALIGN (0x4)
 *(.rodata)
 .rodata        0x0000000008004568       0x61 ./Core/Src/fsm_automatic.o
 *fill*         0x00000000080045c9        0x3 
 .rodata        0x00000000080045cc       0x53 ./Core/Src/fsm_manual.o
 *fill*         0x000000000800461f        0x1 
 .rodata        0x0000000008004620       0x40 ./Core/Src/fsm_setting.o
 .rodata        0x0000000008004660       0x1e ./Core/Src/main.o
 *(.rodata*)
 *fill*         0x000000000800467e        0x2 
 .rodata.AHBPrescTable
                0x0000000008004680       0x10 ./Core/Src/system_stm32f1xx.o
                0x0000000008004680                AHBPrescTable
 .rodata.APBPrescTable
                0x0000000008004690        0x8 ./Core/Src/system_stm32f1xx.o
                0x0000000008004690                APBPrescTable
 .rodata.aPLLMULFactorTable.6442
                0x0000000008004698       0x10 ./Drivers/STM32F1xx_HAL_Driver/Src/stm32f1xx_hal_rcc.o
 .rodata.aPredivFactorTable.6443
                0x00000000080046a8        0x2 ./Drivers/STM32F1xx_HAL_Driver/Src/stm32f1xx_hal_rcc.o
 .rodata._svfprintf_r.str1.1
                0x00000000080046aa       0x11 d:/stm32cubeide_1.7.0/stm32cubeide/plugins/com.st.stm32cube.ide.mcu.externaltools.gnu-tools-for-stm32.9-2020-q2-update.win32_2.0.0.202105311346/tools/bin/../lib/gcc/arm-none-eabi/9.3.1/../../../../arm-none-eabi/lib/thumb/v7-m/nofp\libc_nano.a(lib_a-nano-svfprintf.o)
 .rodata._printf_i.str1.1
                0x00000000080046bb       0x22 d:/stm32cubeide_1.7.0/stm32cubeide/plugins/com.st.stm32cube.ide.mcu.externaltools.gnu-tools-for-stm32.9-2020-q2-update.win32_2.0.0.202105311346/tools/bin/../lib/gcc/arm-none-eabi/9.3.1/../../../../arm-none-eabi/lib/thumb/v7-m/nofp\libc_nano.a(lib_a-nano-vfprintf_i.o)
                0x00000000080046e0                . = ALIGN (0x4)
 *fill*         0x00000000080046dd        0x3 

.rel.dyn        0x00000000080046e0        0x0
 .rel.iplt      0x00000000080046e0        0x0 d:/stm32cubeide_1.7.0/stm32cubeide/plugins/com.st.stm32cube.ide.mcu.externaltools.gnu-tools-for-stm32.9-2020-q2-update.win32_2.0.0.202105311346/tools/bin/../lib/gcc/arm-none-eabi/9.3.1/thumb/v7-m/nofp/crtbegin.o

.ARM.extab      0x00000000080046e0        0x0
                0x00000000080046e0                . = ALIGN (0x4)
 *(.ARM.extab* .gnu.linkonce.armextab.*)
                0x00000000080046e0                . = ALIGN (0x4)

.ARM            0x00000000080046e0        0x0
                0x00000000080046e0                . = ALIGN (0x4)
                0x00000000080046e0                __exidx_start = .
 *(.ARM.exidx*)
                0x00000000080046e0                __exidx_end = .
                0x00000000080046e0                . = ALIGN (0x4)

.preinit_array  0x00000000080046e0        0x0
                0x00000000080046e0                . = ALIGN (0x4)
                0x00000000080046e0                PROVIDE (__preinit_array_start = .)
 *(.preinit_array*)
                0x00000000080046e0                PROVIDE (__preinit_array_end = .)
                0x00000000080046e0                . = ALIGN (0x4)

.init_array     0x00000000080046e0        0x4
                0x00000000080046e0                . = ALIGN (0x4)
                0x00000000080046e0                PROVIDE (__init_array_start = .)
 *(SORT_BY_NAME(.init_array.*))
 *(.init_array*)
 .init_array    0x00000000080046e0        0x4 d:/stm32cubeide_1.7.0/stm32cubeide/plugins/com.st.stm32cube.ide.mcu.externaltools.gnu-tools-for-stm32.9-2020-q2-update.win32_2.0.0.202105311346/tools/bin/../lib/gcc/arm-none-eabi/9.3.1/thumb/v7-m/nofp/crtbegin.o
                0x00000000080046e4                PROVIDE (__init_array_end = .)
                0x00000000080046e4                . = ALIGN (0x4)

.fini_array     0x00000000080046e4        0x4
                0x00000000080046e4                . = ALIGN (0x4)
                [!provide]                        PROVIDE (__fini_array_start = .)
 *(SORT_BY_NAME(.fini_array.*))
 *(.fini_array*)
 .fini_array    0x00000000080046e4        0x4 d:/stm32cubeide_1.7.0/stm32cubeide/plugins/com.st.stm32cube.ide.mcu.externaltools.gnu-tools-for-stm32.9-2020-q2-update.win32_2.0.0.202105311346/tools/bin/../lib/gcc/arm-none-eabi/9.3.1/thumb/v7-m/nofp/crtbegin.o
                [!provide]                        PROVIDE (__fini_array_end = .)
                0x00000000080046e8                . = ALIGN (0x4)
                0x00000000080046e8                _sidata = LOADADDR (.data)

.data           0x0000000020000000       0xf4 load address 0x00000000080046e8
                0x0000000020000000                . = ALIGN (0x4)
                0x0000000020000000                _sdata = .
 *(.data)
 *(.data*)
 .data.KeyReg0  0x0000000020000000       0x10 ./Core/Src/button.o
                0x0000000020000000                KeyReg0
 .data.KeyReg1  0x0000000020000010       0x10 ./Core/Src/button.o
                0x0000000020000010                KeyReg1
 .data.KeyReg2  0x0000000020000020       0x10 ./Core/Src/button.o
                0x0000000020000020                KeyReg2
 .data.KeyReg3  0x0000000020000030       0x10 ./Core/Src/button.o
                0x0000000020000030                KeyReg3
 .data.repeat_counter
                0x0000000020000040       0x10 ./Core/Src/button.o
                0x0000000020000040                repeat_counter
 .data.TimeOutForKeyPress
                0x0000000020000050       0x10 ./Core/Src/button.o
                0x0000000020000050                TimeOutForKeyPress
 .data.last_v   0x0000000020000060        0x4 ./Core/Src/fsm_automatic.o
 .data.last_h   0x0000000020000064        0x4 ./Core/Src/fsm_automatic.o
 .data.leds     0x0000000020000068        0x4 ./Core/Src/fsm_setting.o
                0x0000000020000068                leds
 .data.last_time_setting
                0x000000002000006c        0x4 ./Core/Src/fsm_setting.o
 .data.status   0x0000000020000070        0x4 ./Core/Src/global.o
                0x0000000020000070                status
 .data.red      0x0000000020000074        0x4 ./Core/Src/global.o
                0x0000000020000074                red
 .data.yelow    0x0000000020000078        0x4 ./Core/Src/global.o
                0x0000000020000078                yelow
 .data.green    0x000000002000007c        0x4 ./Core/Src/global.o
                0x000000002000007c                green
 .data.current_status
                0x0000000020000080        0x4 ./Core/Src/global.o
                0x0000000020000080                current_status
 .data.SystemCoreClock
                0x0000000020000084        0x4 ./Core/Src/system_stm32f1xx.o
                0x0000000020000084                SystemCoreClock
 .data.uwTickPrio
                0x0000000020000088        0x4 ./Drivers/STM32F1xx_HAL_Driver/Src/stm32f1xx_hal.o
                0x0000000020000088                uwTickPrio
 .data.uwTickFreq
                0x000000002000008c        0x1 ./Drivers/STM32F1xx_HAL_Driver/Src/stm32f1xx_hal.o
                0x000000002000008c                uwTickFreq
 *fill*         0x000000002000008d        0x3 
 .data._impure_ptr
                0x0000000020000090        0x4 d:/stm32cubeide_1.7.0/stm32cubeide/plugins/com.st.stm32cube.ide.mcu.externaltools.gnu-tools-for-stm32.9-2020-q2-update.win32_2.0.0.202105311346/tools/bin/../lib/gcc/arm-none-eabi/9.3.1/../../../../arm-none-eabi/lib/thumb/v7-m/nofp\libc_nano.a(lib_a-impure.o)
                0x0000000020000090                _impure_ptr
 .data.impure_data
                0x0000000020000094       0x60 d:/stm32cubeide_1.7.0/stm32cubeide/plugins/com.st.stm32cube.ide.mcu.externaltools.gnu-tools-for-stm32.9-2020-q2-update.win32_2.0.0.202105311346/tools/bin/../lib/gcc/arm-none-eabi/9.3.1/../../../../arm-none-eabi/lib/thumb/v7-m/nofp\libc_nano.a(lib_a-impure.o)
 *(.RamFunc)
 *(.RamFunc*)
                0x00000000200000f4                . = ALIGN (0x4)
                0x00000000200000f4                _edata = .

.igot.plt       0x00000000200000f4        0x0 load address 0x00000000080047dc
 .igot.plt      0x00000000200000f4        0x0 d:/stm32cubeide_1.7.0/stm32cubeide/plugins/com.st.stm32cube.ide.mcu.externaltools.gnu-tools-for-stm32.9-2020-q2-update.win32_2.0.0.202105311346/tools/bin/../lib/gcc/arm-none-eabi/9.3.1/thumb/v7-m/nofp/crtbegin.o
                0x00000000200000f4                . = ALIGN (0x4)

.bss            0x00000000200000f4      0x1f4 load address 0x00000000080047dc
                0x00000000200000f4                _sbss = .
                0x00000000200000f4                __bss_start__ = _sbss
 *(.bss)
 .bss           0x00000000200000f4       0x1c d:/stm32cubeide_1.7.0/stm32cubeide/plugins/com.st.stm32cube.ide.mcu.externaltools.gnu-tools-for-stm32.9-2020-q2-update.win32_2.0.0.202105311346/tools/bin/../lib/gcc/arm-none-eabi/9.3.1/thumb/v7-m/nofp/crtbegin.o
 *(.bss*)
 .bss.hold_counter
                0x0000000020000110       0x10 ./Core/Src/button.o
                0x0000000020000110                hold_counter
 .bss.button_flag
                0x0000000020000120       0x10 ./Core/Src/button.o
                0x0000000020000120                button_flag
 .bss.last_mode_line
                0x0000000020000130       0x11 ./Core/Src/fsm_automatic.o
 *fill*         0x0000000020000141        0x3 
 .bss.last_manual_mode
                0x0000000020000144       0x11 ./Core/Src/fsm_manual.o
 *fill*         0x0000000020000155        0x3 
 .bss.count     0x0000000020000158        0x4 ./Core/Src/fsm_setting.o
                0x0000000020000158                count
 .bss.last_mode_setting
                0x000000002000015c       0x11 ./Core/Src/fsm_setting.o
 *fill*         0x000000002000016d        0x3 
 .bss.current_time
                0x0000000020000170        0x4 ./Core/Src/global.o
                0x0000000020000170                current_time
 .bss.__sbrk_heap_end
                0x0000000020000174        0x4 ./Core/Src/sysmem.o
 .bss.red_on.6400
                0x0000000020000178        0x4 ./Core/Src/traffic_light.o
 .bss.y_on.6404
                0x000000002000017c        0x4 ./Core/Src/traffic_light.o
 .bss.g_on.6408
                0x0000000020000180        0x4 ./Core/Src/traffic_light.o
 .bss.__malloc_free_list
                0x0000000020000184        0x4 d:/stm32cubeide_1.7.0/stm32cubeide/plugins/com.st.stm32cube.ide.mcu.externaltools.gnu-tools-for-stm32.9-2020-q2-update.win32_2.0.0.202105311346/tools/bin/../lib/gcc/arm-none-eabi/9.3.1/../../../../arm-none-eabi/lib/thumb/v7-m/nofp\libc_nano.a(lib_a-nano-mallocr.o)
                0x0000000020000184                __malloc_free_list
 .bss.__malloc_sbrk_start
                0x0000000020000188        0x4 d:/stm32cubeide_1.7.0/stm32cubeide/plugins/com.st.stm32cube.ide.mcu.externaltools.gnu-tools-for-stm32.9-2020-q2-update.win32_2.0.0.202105311346/tools/bin/../lib/gcc/arm-none-eabi/9.3.1/../../../../arm-none-eabi/lib/thumb/v7-m/nofp\libc_nano.a(lib_a-nano-mallocr.o)
                0x0000000020000188                __malloc_sbrk_start
 *(COMMON)
 COMMON         0x000000002000018c        0x8 ./Core/Src/fsm_automatic.o
                0x000000002000018c                time
                0x0000000020000190                time2
 COMMON         0x0000000020000194        0xc ./Core/Src/fsm_setting.o
                0x0000000020000194                yelow_term
                0x0000000020000198                red_term
                0x000000002000019c                green_term
 COMMON         0x00000000200001a0       0x54 ./Core/Src/i2c.o
                0x00000000200001a0                hi2c1
 COMMON         0x00000000200001f4       0x50 ./Core/Src/software_timer.o
                0x00000000200001f4                timer_counter
                0x000000002000021c                timer_flag
 COMMON         0x0000000020000244       0x48 ./Core/Src/tim.o
                0x0000000020000244                htim2
 COMMON         0x000000002000028c       0x48 ./Core/Src/usart.o
                0x000000002000028c                huart2
 COMMON         0x00000000200002d4        0x4 ./Drivers/STM32F1xx_HAL_Driver/Src/stm32f1xx_hal.o
                0x00000000200002d4                uwTick
 COMMON         0x00000000200002d8        0x4 d:/stm32cubeide_1.7.0/stm32cubeide/plugins/com.st.stm32cube.ide.mcu.externaltools.gnu-tools-for-stm32.9-2020-q2-update.win32_2.0.0.202105311346/tools/bin/../lib/gcc/arm-none-eabi/9.3.1/../../../../arm-none-eabi/lib/thumb/v7-m/nofp\libc_nano.a(lib_a-reent.o)
                0x00000000200002d8                errno
 COMMON         0x00000000200002dc        0x9 d:/stm32cubeide_1.7.0/stm32cubeide/plugins/com.st.stm32cube.ide.mcu.externaltools.gnu-tools-for-stm32.9-2020-q2-update.win32_2.0.0.202105311346/tools/bin/../lib/gcc/arm-none-eabi/9.3.1/../../../../arm-none-eabi/lib/thumb/v7-m/nofp\libc_nano.a(lib_a-lock.o)
                0x00000000200002dc                __lock___atexit_recursive_mutex
                0x00000000200002dd                __lock___arc4random_mutex
                0x00000000200002de                __lock___env_recursive_mutex
                0x00000000200002df                __lock___sinit_recursive_mutex
                0x00000000200002e0                __lock___malloc_recursive_mutex
                0x00000000200002e1                __lock___at_quick_exit_mutex
                0x00000000200002e2                __lock___dd_hash_mutex
                0x00000000200002e3                __lock___tz_mutex
                0x00000000200002e4                __lock___sfp_recursive_mutex
                0x00000000200002e8                . = ALIGN (0x4)
 *fill*         0x00000000200002e5        0x3 
                0x00000000200002e8                _ebss = .
                0x00000000200002e8                __bss_end__ = _ebss

._user_heap_stack
                0x00000000200002e8      0x600 load address 0x00000000080047dc
                0x00000000200002e8                . = ALIGN (0x8)
                [!provide]                        PROVIDE (end = .)
                0x00000000200002e8                PROVIDE (_end = .)
                0x00000000200004e8                . = (. + _Min_Heap_Size)
 *fill*         0x00000000200002e8      0x200 
                0x00000000200008e8                . = (. + _Min_Stack_Size)
 *fill*         0x00000000200004e8      0x400 
                0x00000000200008e8                . = ALIGN (0x8)

/DISCARD/
 libc.a(*)
 libm.a(*)
 libgcc.a(*)

.ARM.attributes
                0x0000000000000000       0x29
 *(.ARM.attributes)
 .ARM.attributes
                0x0000000000000000       0x1d d:/stm32cubeide_1.7.0/stm32cubeide/plugins/com.st.stm32cube.ide.mcu.externaltools.gnu-tools-for-stm32.9-2020-q2-update.win32_2.0.0.202105311346/tools/bin/../lib/gcc/arm-none-eabi/9.3.1/thumb/v7-m/nofp/crti.o
 .ARM.attributes
                0x000000000000001d       0x2d d:/stm32cubeide_1.7.0/stm32cubeide/plugins/com.st.stm32cube.ide.mcu.externaltools.gnu-tools-for-stm32.9-2020-q2-update.win32_2.0.0.202105311346/tools/bin/../lib/gcc/arm-none-eabi/9.3.1/thumb/v7-m/nofp/crtbegin.o
 .ARM.attributes
                0x000000000000004a       0x2d ./Core/Src/button.o
 .ARM.attributes
                0x0000000000000077       0x2d ./Core/Src/fsm_automatic.o
 .ARM.attributes
                0x00000000000000a4       0x2d ./Core/Src/fsm_manual.o
 .ARM.attributes
                0x00000000000000d1       0x2d ./Core/Src/fsm_setting.o
 .ARM.attributes
                0x00000000000000fe       0x33 ./Core/Src/global.o
 .ARM.attributes
                0x0000000000000131       0x2d ./Core/Src/gpio.o
 .ARM.attributes
                0x000000000000015e       0x2d ./Core/Src/i2c.o
 .ARM.attributes
                0x000000000000018b       0x2d ./Core/Src/i2c_lcd.o
 .ARM.attributes
                0x00000000000001b8       0x2d ./Core/Src/main.o
 .ARM.attributes
                0x00000000000001e5       0x2d ./Core/Src/software_timer.o
 .ARM.attributes
                0x0000000000000212       0x2d ./Core/Src/stm32f1xx_hal_msp.o
 .ARM.attributes
                0x000000000000023f       0x2d ./Core/Src/stm32f1xx_it.o
 .ARM.attributes
                0x000000000000026c       0x2d ./Core/Src/sysmem.o
 .ARM.attributes
                0x0000000000000299       0x2d ./Core/Src/system_stm32f1xx.o
 .ARM.attributes
                0x00000000000002c6       0x2d ./Core/Src/tim.o
 .ARM.attributes
                0x00000000000002f3       0x2d ./Core/Src/traffic_light.o
 .ARM.attributes
                0x0000000000000320       0x2d ./Core/Src/usart.o
 .ARM.attributes
                0x000000000000034d       0x21 ./Core/Startup/startup_stm32f103rbtx.o
 .ARM.attributes
                0x000000000000036e       0x2d ./Drivers/STM32F1xx_HAL_Driver/Src/stm32f1xx_hal.o
 .ARM.attributes
                0x000000000000039b       0x2d ./Drivers/STM32F1xx_HAL_Driver/Src/stm32f1xx_hal_cortex.o
 .ARM.attributes
                0x00000000000003c8       0x2d ./Drivers/STM32F1xx_HAL_Driver/Src/stm32f1xx_hal_gpio.o
 .ARM.attributes
                0x00000000000003f5       0x2d ./Drivers/STM32F1xx_HAL_Driver/Src/stm32f1xx_hal_i2c.o
 .ARM.attributes
                0x0000000000000422       0x2d ./Drivers/STM32F1xx_HAL_Driver/Src/stm32f1xx_hal_rcc.o
 .ARM.attributes
                0x000000000000044f       0x2d ./Drivers/STM32F1xx_HAL_Driver/Src/stm32f1xx_hal_tim.o
 .ARM.attributes
                0x000000000000047c       0x2d ./Drivers/STM32F1xx_HAL_Driver/Src/stm32f1xx_hal_tim_ex.o
 .ARM.attributes
                0x00000000000004a9       0x2d ./Drivers/STM32F1xx_HAL_Driver/Src/stm32f1xx_hal_uart.o
 .ARM.attributes
                0x00000000000004d6       0x2d d:/stm32cubeide_1.7.0/stm32cubeide/plugins/com.st.stm32cube.ide.mcu.externaltools.gnu-tools-for-stm32.9-2020-q2-update.win32_2.0.0.202105311346/tools/bin/../lib/gcc/arm-none-eabi/9.3.1/../../../../arm-none-eabi/lib/thumb/v7-m/nofp\libc_nano.a(lib_a-errno.o)
 .ARM.attributes
                0x0000000000000503       0x2d d:/stm32cubeide_1.7.0/stm32cubeide/plugins/com.st.stm32cube.ide.mcu.externaltools.gnu-tools-for-stm32.9-2020-q2-update.win32_2.0.0.202105311346/tools/bin/../lib/gcc/arm-none-eabi/9.3.1/../../../../arm-none-eabi/lib/thumb/v7-m/nofp\libc_nano.a(lib_a-impure.o)
 .ARM.attributes
                0x0000000000000530       0x2d d:/stm32cubeide_1.7.0/stm32cubeide/plugins/com.st.stm32cube.ide.mcu.externaltools.gnu-tools-for-stm32.9-2020-q2-update.win32_2.0.0.202105311346/tools/bin/../lib/gcc/arm-none-eabi/9.3.1/../../../../arm-none-eabi/lib/thumb/v7-m/nofp\libc_nano.a(lib_a-init.o)
 .ARM.attributes
                0x000000000000055d       0x2d d:/stm32cubeide_1.7.0/stm32cubeide/plugins/com.st.stm32cube.ide.mcu.externaltools.gnu-tools-for-stm32.9-2020-q2-update.win32_2.0.0.202105311346/tools/bin/../lib/gcc/arm-none-eabi/9.3.1/../../../../arm-none-eabi/lib/thumb/v7-m/nofp\libc_nano.a(lib_a-memset.o)
 .ARM.attributes
                0x000000000000058a       0x2d d:/stm32cubeide_1.7.0/stm32cubeide/plugins/com.st.stm32cube.ide.mcu.externaltools.gnu-tools-for-stm32.9-2020-q2-update.win32_2.0.0.202105311346/tools/bin/../lib/gcc/arm-none-eabi/9.3.1/../../../../arm-none-eabi/lib/thumb/v7-m/nofp\libc_nano.a(lib_a-snprintf.o)
 .ARM.attributes
                0x00000000000005b7       0x2d d:/stm32cubeide_1.7.0/stm32cubeide/plugins/com.st.stm32cube.ide.mcu.externaltools.gnu-tools-for-stm32.9-2020-q2-update.win32_2.0.0.202105311346/tools/bin/../lib/gcc/arm-none-eabi/9.3.1/../../../../arm-none-eabi/lib/thumb/v7-m/nofp\libc_nano.a(lib_a-strncmp.o)
 .ARM.attributes
                0x00000000000005e4       0x2d d:/stm32cubeide_1.7.0/stm32cubeide/plugins/com.st.stm32cube.ide.mcu.externaltools.gnu-tools-for-stm32.9-2020-q2-update.win32_2.0.0.202105311346/tools/bin/../lib/gcc/arm-none-eabi/9.3.1/../../../../arm-none-eabi/lib/thumb/v7-m/nofp\libc_nano.a(lib_a-strncpy.o)
 .ARM.attributes
                0x0000000000000611       0x2d d:/stm32cubeide_1.7.0/stm32cubeide/plugins/com.st.stm32cube.ide.mcu.externaltools.gnu-tools-for-stm32.9-2020-q2-update.win32_2.0.0.202105311346/tools/bin/../lib/gcc/arm-none-eabi/9.3.1/../../../../arm-none-eabi/lib/thumb/v7-m/nofp\libc_nano.a(lib_a-nano-svfprintf.o)
 .ARM.attributes
                0x000000000000063e       0x2d d:/stm32cubeide_1.7.0/stm32cubeide/plugins/com.st.stm32cube.ide.mcu.externaltools.gnu-tools-for-stm32.9-2020-q2-update.win32_2.0.0.202105311346/tools/bin/../lib/gcc/arm-none-eabi/9.3.1/../../../../arm-none-eabi/lib/thumb/v7-m/nofp\libc_nano.a(lib_a-nano-vfprintf_i.o)
 .ARM.attributes
                0x000000000000066b       0x2d d:/stm32cubeide_1.7.0/stm32cubeide/plugins/com.st.stm32cube.ide.mcu.externaltools.gnu-tools-for-stm32.9-2020-q2-update.win32_2.0.0.202105311346/tools/bin/../lib/gcc/arm-none-eabi/9.3.1/../../../../arm-none-eabi/lib/thumb/v7-m/nofp\libc_nano.a(lib_a-memchr-stub.o)
 .ARM.attributes
                0x0000000000000698       0x2d d:/stm32cubeide_1.7.0/stm32cubeide/plugins/com.st.stm32cube.ide.mcu.externaltools.gnu-tools-for-stm32.9-2020-q2-update.win32_2.0.0.202105311346/tools/bin/../lib/gcc/arm-none-eabi/9.3.1/../../../../arm-none-eabi/lib/thumb/v7-m/nofp\libc_nano.a(lib_a-memcpy-stub.o)
 .ARM.attributes
                0x00000000000006c5       0x2d d:/stm32cubeide_1.7.0/stm32cubeide/plugins/com.st.stm32cube.ide.mcu.externaltools.gnu-tools-for-stm32.9-2020-q2-update.win32_2.0.0.202105311346/tools/bin/../lib/gcc/arm-none-eabi/9.3.1/../../../../arm-none-eabi/lib/thumb/v7-m/nofp\libc_nano.a(lib_a-memmove.o)
 .ARM.attributes
                0x00000000000006f2       0x2d d:/stm32cubeide_1.7.0/stm32cubeide/plugins/com.st.stm32cube.ide.mcu.externaltools.gnu-tools-for-stm32.9-2020-q2-update.win32_2.0.0.202105311346/tools/bin/../lib/gcc/arm-none-eabi/9.3.1/../../../../arm-none-eabi/lib/thumb/v7-m/nofp\libc_nano.a(lib_a-nano-freer.o)
 .ARM.attributes
                0x000000000000071f       0x2d d:/stm32cubeide_1.7.0/stm32cubeide/plugins/com.st.stm32cube.ide.mcu.externaltools.gnu-tools-for-stm32.9-2020-q2-update.win32_2.0.0.202105311346/tools/bin/../lib/gcc/arm-none-eabi/9.3.1/../../../../arm-none-eabi/lib/thumb/v7-m/nofp\libc_nano.a(lib_a-nano-mallocr.o)
 .ARM.attributes
                0x000000000000074c       0x2d d:/stm32cubeide_1.7.0/stm32cubeide/plugins/com.st.stm32cube.ide.mcu.externaltools.gnu-tools-for-stm32.9-2020-q2-update.win32_2.0.0.202105311346/tools/bin/../lib/gcc/arm-none-eabi/9.3.1/../../../../arm-none-eabi/lib/thumb/v7-m/nofp\libc_nano.a(lib_a-nano-reallocr.o)
 .ARM.attributes
                0x0000000000000779       0x2d d:/stm32cubeide_1.7.0/stm32cubeide/plugins/com.st.stm32cube.ide.mcu.externaltools.gnu-tools-for-stm32.9-2020-q2-update.win32_2.0.0.202105311346/tools/bin/../lib/gcc/arm-none-eabi/9.3.1/../../../../arm-none-eabi/lib/thumb/v7-m/nofp\libc_nano.a(lib_a-sbrkr.o)
 .ARM.attributes
                0x00000000000007a6       0x2d d:/stm32cubeide_1.7.0/stm32cubeide/plugins/com.st.stm32cube.ide.mcu.externaltools.gnu-tools-for-stm32.9-2020-q2-update.win32_2.0.0.202105311346/tools/bin/../lib/gcc/arm-none-eabi/9.3.1/../../../../arm-none-eabi/lib/thumb/v7-m/nofp\libc_nano.a(lib_a-mlock.o)
 .ARM.attributes
                0x00000000000007d3       0x2d d:/stm32cubeide_1.7.0/stm32cubeide/plugins/com.st.stm32cube.ide.mcu.externaltools.gnu-tools-for-stm32.9-2020-q2-update.win32_2.0.0.202105311346/tools/bin/../lib/gcc/arm-none-eabi/9.3.1/../../../../arm-none-eabi/lib/thumb/v7-m/nofp\libc_nano.a(lib_a-nano-msizer.o)
 .ARM.attributes
                0x0000000000000800       0x2d d:/stm32cubeide_1.7.0/stm32cubeide/plugins/com.st.stm32cube.ide.mcu.externaltools.gnu-tools-for-stm32.9-2020-q2-update.win32_2.0.0.202105311346/tools/bin/../lib/gcc/arm-none-eabi/9.3.1/../../../../arm-none-eabi/lib/thumb/v7-m/nofp\libc_nano.a(lib_a-reent.o)
 .ARM.attributes
                0x000000000000082d       0x2d d:/stm32cubeide_1.7.0/stm32cubeide/plugins/com.st.stm32cube.ide.mcu.externaltools.gnu-tools-for-stm32.9-2020-q2-update.win32_2.0.0.202105311346/tools/bin/../lib/gcc/arm-none-eabi/9.3.1/../../../../arm-none-eabi/lib/thumb/v7-m/nofp\libc_nano.a(lib_a-lock.o)
 .ARM.attributes
                0x000000000000085a       0x1d d:/stm32cubeide_1.7.0/stm32cubeide/plugins/com.st.stm32cube.ide.mcu.externaltools.gnu-tools-for-stm32.9-2020-q2-update.win32_2.0.0.202105311346/tools/bin/../lib/gcc/arm-none-eabi/9.3.1/thumb/v7-m/nofp/crtn.o
OUTPUT(Source code BTL.elf elf32-littlearm)
LOAD linker stubs
LOAD d:/stm32cubeide_1.7.0/stm32cubeide/plugins/com.st.stm32cube.ide.mcu.externaltools.gnu-tools-for-stm32.9-2020-q2-update.win32_2.0.0.202105311346/tools/bin/../lib/gcc/arm-none-eabi/9.3.1/../../../../arm-none-eabi/lib/thumb/v7-m/nofp\libc.a
LOAD d:/stm32cubeide_1.7.0/stm32cubeide/plugins/com.st.stm32cube.ide.mcu.externaltools.gnu-tools-for-stm32.9-2020-q2-update.win32_2.0.0.202105311346/tools/bin/../lib/gcc/arm-none-eabi/9.3.1/../../../../arm-none-eabi/lib/thumb/v7-m/nofp\libm.a
LOAD d:/stm32cubeide_1.7.0/stm32cubeide/plugins/com.st.stm32cube.ide.mcu.externaltools.gnu-tools-for-stm32.9-2020-q2-update.win32_2.0.0.202105311346/tools/bin/../lib/gcc/arm-none-eabi/9.3.1/thumb/v7-m/nofp\libgcc.a

.debug_info     0x0000000000000000    0x14964
 .debug_info    0x0000000000000000      0x3c6 ./Core/Src/button.o
 .debug_info    0x00000000000003c6     0x1096 ./Core/Src/fsm_automatic.o
 .debug_info    0x000000000000145c      0xff0 ./Core/Src/fsm_manual.o
 .debug_info    0x000000000000244c     0x1093 ./Core/Src/fsm_setting.o
 .debug_info    0x00000000000034df      0x23c ./Core/Src/global.o
 .debug_info    0x000000000000371b      0x4f3 ./Core/Src/gpio.o
 .debug_info    0x0000000000003c0e      0x8cf ./Core/Src/i2c.o
 .debug_info    0x00000000000044dd      0x83e ./Core/Src/i2c_lcd.o
 .debug_info    0x0000000000004d1b      0xf1e ./Core/Src/main.o
 .debug_info    0x0000000000005c39       0xd2 ./Core/Src/software_timer.o
 .debug_info    0x0000000000005d0b      0x2fc ./Core/Src/stm32f1xx_hal_msp.o
 .debug_info    0x0000000000006007      0x7e3 ./Core/Src/stm32f1xx_it.o
 .debug_info    0x00000000000067ea      0xa25 ./Core/Src/sysmem.o
 .debug_info    0x000000000000720f      0x2be ./Core/Src/system_stm32f1xx.o
 .debug_info    0x00000000000074cd      0xa3a ./Core/Src/tim.o
 .debug_info    0x0000000000007f07      0x43c ./Core/Src/traffic_light.o
 .debug_info    0x0000000000008343      0x87a ./Core/Src/usart.o
 .debug_info    0x0000000000008bbd       0x22 ./Core/Startup/startup_stm32f103rbtx.o
 .debug_info    0x0000000000008bdf      0x76a ./Drivers/STM32F1xx_HAL_Driver/Src/stm32f1xx_hal.o
 .debug_info    0x0000000000009349      0xbdc ./Drivers/STM32F1xx_HAL_Driver/Src/stm32f1xx_hal_cortex.o
 .debug_info    0x0000000000009f25      0x701 ./Drivers/STM32F1xx_HAL_Driver/Src/stm32f1xx_hal_gpio.o
 .debug_info    0x000000000000a626     0x27cb ./Drivers/STM32F1xx_HAL_Driver/Src/stm32f1xx_hal_i2c.o
 .debug_info    0x000000000000cdf1      0x893 ./Drivers/STM32F1xx_HAL_Driver/Src/stm32f1xx_hal_rcc.o
 .debug_info    0x000000000000d684     0x2c32 ./Drivers/STM32F1xx_HAL_Driver/Src/stm32f1xx_hal_tim.o
 .debug_info    0x00000000000102b6     0x157f ./Drivers/STM32F1xx_HAL_Driver/Src/stm32f1xx_hal_tim_ex.o
 .debug_info    0x0000000000011835     0x312f ./Drivers/STM32F1xx_HAL_Driver/Src/stm32f1xx_hal_uart.o

.debug_abbrev   0x0000000000000000     0x2e96
 .debug_abbrev  0x0000000000000000      0x16b ./Core/Src/button.o
 .debug_abbrev  0x000000000000016b      0x24f ./Core/Src/fsm_automatic.o
 .debug_abbrev  0x00000000000003ba      0x211 ./Core/Src/fsm_manual.o
 .debug_abbrev  0x00000000000005cb      0x23e ./Core/Src/fsm_setting.o
 .debug_abbrev  0x0000000000000809       0xbc ./Core/Src/global.o
 .debug_abbrev  0x00000000000008c5      0x157 ./Core/Src/gpio.o
 .debug_abbrev  0x0000000000000a1c      0x1bb ./Core/Src/i2c.o
 .debug_abbrev  0x0000000000000bd7      0x1c7 ./Core/Src/i2c_lcd.o
 .debug_abbrev  0x0000000000000d9e      0x207 ./Core/Src/main.o
 .debug_abbrev  0x0000000000000fa5       0xd1 ./Core/Src/software_timer.o
 .debug_abbrev  0x0000000000001076      0x11d ./Core/Src/stm32f1xx_hal_msp.o
 .debug_abbrev  0x0000000000001193      0x176 ./Core/Src/stm32f1xx_it.o
 .debug_abbrev  0x0000000000001309      0x1bf ./Core/Src/sysmem.o
 .debug_abbrev  0x00000000000014c8      0x14e ./Core/Src/system_stm32f1xx.o
 .debug_abbrev  0x0000000000001616      0x1bb ./Core/Src/tim.o
 .debug_abbrev  0x00000000000017d1      0x166 ./Core/Src/traffic_light.o
 .debug_abbrev  0x0000000000001937      0x1bb ./Core/Src/usart.o
 .debug_abbrev  0x0000000000001af2       0x12 ./Core/Startup/startup_stm32f103rbtx.o
 .debug_abbrev  0x0000000000001b04      0x1ed ./Drivers/STM32F1xx_HAL_Driver/Src/stm32f1xx_hal.o
 .debug_abbrev  0x0000000000001cf1      0x313 ./Drivers/STM32F1xx_HAL_Driver/Src/stm32f1xx_hal_cortex.o
 .debug_abbrev  0x0000000000002004      0x1e8 ./Drivers/STM32F1xx_HAL_Driver/Src/stm32f1xx_hal_gpio.o
 .debug_abbrev  0x00000000000021ec      0x288 ./Drivers/STM32F1xx_HAL_Driver/Src/stm32f1xx_hal_i2c.o
 .debug_abbrev  0x0000000000002474      0x273 ./Drivers/STM32F1xx_HAL_Driver/Src/stm32f1xx_hal_rcc.o
 .debug_abbrev  0x00000000000026e7      0x25e ./Drivers/STM32F1xx_HAL_Driver/Src/stm32f1xx_hal_tim.o
 .debug_abbrev  0x0000000000002945      0x266 ./Drivers/STM32F1xx_HAL_Driver/Src/stm32f1xx_hal_tim_ex.o
 .debug_abbrev  0x0000000000002bab      0x2eb ./Drivers/STM32F1xx_HAL_Driver/Src/stm32f1xx_hal_uart.o

.debug_aranges  0x0000000000000000     0x1068
 .debug_aranges
                0x0000000000000000       0x50 ./Core/Src/button.o
 .debug_aranges
                0x0000000000000050       0x30 ./Core/Src/fsm_automatic.o
 .debug_aranges
                0x0000000000000080       0x28 ./Core/Src/fsm_manual.o
 .debug_aranges
                0x00000000000000a8       0x28 ./Core/Src/fsm_setting.o
 .debug_aranges
                0x00000000000000d0       0x18 ./Core/Src/global.o
 .debug_aranges
                0x00000000000000e8       0x20 ./Core/Src/gpio.o
 .debug_aranges
                0x0000000000000108       0x30 ./Core/Src/i2c.o
 .debug_aranges
                0x0000000000000138       0x50 ./Core/Src/i2c_lcd.o
 .debug_aranges
                0x0000000000000188       0x38 ./Core/Src/main.o
 .debug_aranges
                0x00000000000001c0       0x28 ./Core/Src/software_timer.o
 .debug_aranges
                0x00000000000001e8       0x20 ./Core/Src/stm32f1xx_hal_msp.o
 .debug_aranges
                0x0000000000000208       0x70 ./Core/Src/stm32f1xx_it.o
 .debug_aranges
                0x0000000000000278       0x20 ./Core/Src/sysmem.o
 .debug_aranges
                0x0000000000000298       0x28 ./Core/Src/system_stm32f1xx.o
 .debug_aranges
                0x00000000000002c0       0x30 ./Core/Src/tim.o
 .debug_aranges
                0x00000000000002f0       0x70 ./Core/Src/traffic_light.o
 .debug_aranges
                0x0000000000000360       0x30 ./Core/Src/usart.o
 .debug_aranges
                0x0000000000000390       0x28 ./Core/Startup/startup_stm32f103rbtx.o
 .debug_aranges
                0x00000000000003b8       0xe0 ./Drivers/STM32F1xx_HAL_Driver/Src/stm32f1xx_hal.o
 .debug_aranges
                0x0000000000000498      0x100 ./Drivers/STM32F1xx_HAL_Driver/Src/stm32f1xx_hal_cortex.o
 .debug_aranges
                0x0000000000000598       0x58 ./Drivers/STM32F1xx_HAL_Driver/Src/stm32f1xx_hal_gpio.o
 .debug_aranges
                0x00000000000005f0      0x2a8 ./Drivers/STM32F1xx_HAL_Driver/Src/stm32f1xx_hal_i2c.o
 .debug_aranges
                0x0000000000000898       0x90 ./Drivers/STM32F1xx_HAL_Driver/Src/stm32f1xx_hal_rcc.o
 .debug_aranges
                0x0000000000000928      0x3d0 ./Drivers/STM32F1xx_HAL_Driver/Src/stm32f1xx_hal_tim.o
 .debug_aranges
                0x0000000000000cf8      0x168 ./Drivers/STM32F1xx_HAL_Driver/Src/stm32f1xx_hal_tim_ex.o
 .debug_aranges
                0x0000000000000e60      0x208 ./Drivers/STM32F1xx_HAL_Driver/Src/stm32f1xx_hal_uart.o

.debug_ranges   0x0000000000000000      0xf10
 .debug_ranges  0x0000000000000000       0x40 ./Core/Src/button.o
 .debug_ranges  0x0000000000000040       0x20 ./Core/Src/fsm_automatic.o
 .debug_ranges  0x0000000000000060       0x18 ./Core/Src/fsm_manual.o
 .debug_ranges  0x0000000000000078       0x18 ./Core/Src/fsm_setting.o
 .debug_ranges  0x0000000000000090       0x10 ./Core/Src/gpio.o
 .debug_ranges  0x00000000000000a0       0x20 ./Core/Src/i2c.o
 .debug_ranges  0x00000000000000c0       0x40 ./Core/Src/i2c_lcd.o
 .debug_ranges  0x0000000000000100       0x28 ./Core/Src/main.o
 .debug_ranges  0x0000000000000128       0x18 ./Core/Src/software_timer.o
 .debug_ranges  0x0000000000000140       0x10 ./Core/Src/stm32f1xx_hal_msp.o
 .debug_ranges  0x0000000000000150       0x60 ./Core/Src/stm32f1xx_it.o
 .debug_ranges  0x00000000000001b0       0x10 ./Core/Src/sysmem.o
 .debug_ranges  0x00000000000001c0       0x18 ./Core/Src/system_stm32f1xx.o
 .debug_ranges  0x00000000000001d8       0x20 ./Core/Src/tim.o
 .debug_ranges  0x00000000000001f8       0x60 ./Core/Src/traffic_light.o
 .debug_ranges  0x0000000000000258       0x20 ./Core/Src/usart.o
 .debug_ranges  0x0000000000000278       0x20 ./Core/Startup/startup_stm32f103rbtx.o
 .debug_ranges  0x0000000000000298       0xd0 ./Drivers/STM32F1xx_HAL_Driver/Src/stm32f1xx_hal.o
 .debug_ranges  0x0000000000000368       0xf0 ./Drivers/STM32F1xx_HAL_Driver/Src/stm32f1xx_hal_cortex.o
 .debug_ranges  0x0000000000000458       0x48 ./Drivers/STM32F1xx_HAL_Driver/Src/stm32f1xx_hal_gpio.o
 .debug_ranges  0x00000000000004a0      0x2b0 ./Drivers/STM32F1xx_HAL_Driver/Src/stm32f1xx_hal_i2c.o
 .debug_ranges  0x0000000000000750       0x80 ./Drivers/STM32F1xx_HAL_Driver/Src/stm32f1xx_hal_rcc.o
 .debug_ranges  0x00000000000007d0      0x3c0 ./Drivers/STM32F1xx_HAL_Driver/Src/stm32f1xx_hal_tim.o
 .debug_ranges  0x0000000000000b90      0x158 ./Drivers/STM32F1xx_HAL_Driver/Src/stm32f1xx_hal_tim_ex.o
 .debug_ranges  0x0000000000000ce8      0x228 ./Drivers/STM32F1xx_HAL_Driver/Src/stm32f1xx_hal_uart.o

.debug_macro    0x0000000000000000    0x19881
 .debug_macro   0x0000000000000000      0x1d7 ./Core/Src/button.o
 .debug_macro   0x00000000000001d7      0xa9c ./Core/Src/button.o
 .debug_macro   0x0000000000000c73      0x221 ./Core/Src/button.o
 .debug_macro   0x0000000000000e94       0x2e ./Core/Src/button.o
 .debug_macro   0x0000000000000ec2       0x22 ./Core/Src/button.o
 .debug_macro   0x0000000000000ee4       0x22 ./Core/Src/button.o
 .debug_macro   0x0000000000000f06       0x8e ./Core/Src/button.o
 .debug_macro   0x0000000000000f94       0x51 ./Core/Src/button.o
 .debug_macro   0x0000000000000fe5      0x103 ./Core/Src/button.o
 .debug_macro   0x00000000000010e8       0x6a ./Core/Src/button.o
 .debug_macro   0x0000000000001152      0x1df ./Core/Src/button.o
 .debug_macro   0x0000000000001331       0x1c ./Core/Src/button.o
 .debug_macro   0x000000000000134d       0x22 ./Core/Src/button.o
 .debug_macro   0x000000000000136f       0xc3 ./Core/Src/button.o
 .debug_macro   0x0000000000001432      0xd23 ./Core/Src/button.o
 .debug_macro   0x0000000000002155     0xe09e ./Core/Src/button.o
 .debug_macro   0x00000000000101f3       0x6d ./Core/Src/button.o
 .debug_macro   0x0000000000010260     0x34a2 ./Core/Src/button.o
 .debug_macro   0x0000000000013702      0x174 ./Core/Src/button.o
 .debug_macro   0x0000000000013876       0x5c ./Core/Src/button.o
 .debug_macro   0x00000000000138d2      0x5bc ./Core/Src/button.o
 .debug_macro   0x0000000000013e8e      0x289 ./Core/Src/button.o
 .debug_macro   0x0000000000014117      0x1cb ./Core/Src/button.o
 .debug_macro   0x00000000000142e2      0x114 ./Core/Src/button.o
 .debug_macro   0x00000000000143f6      0x1b2 ./Core/Src/button.o
 .debug_macro   0x00000000000145a8       0x27 ./Core/Src/button.o
 .debug_macro   0x00000000000145cf      0x136 ./Core/Src/button.o
 .debug_macro   0x0000000000014705      0x1bc ./Core/Src/button.o
 .debug_macro   0x00000000000148c1       0x34 ./Core/Src/button.o
 .debug_macro   0x00000000000148f5       0x3c ./Core/Src/button.o
 .debug_macro   0x0000000000014931       0x57 ./Core/Src/button.o
 .debug_macro   0x0000000000014988       0x87 ./Core/Src/button.o
 .debug_macro   0x0000000000014a0f      0x240 ./Core/Src/button.o
 .debug_macro   0x0000000000014c4f      0x287 ./Core/Src/button.o
 .debug_macro   0x0000000000014ed6      0x140 ./Core/Src/button.o
 .debug_macro   0x0000000000015016      0x8ed ./Core/Src/button.o
 .debug_macro   0x0000000000015903      0x28e ./Core/Src/button.o
 .debug_macro   0x0000000000015b91       0x83 ./Core/Src/button.o
 .debug_macro   0x0000000000015c14       0xbe ./Core/Src/button.o
 .debug_macro   0x0000000000015cd2       0x10 ./Core/Src/button.o
 .debug_macro   0x0000000000015ce2      0x3ac ./Core/Src/fsm_automatic.o
 .debug_macro   0x000000000001608e       0x6a ./Core/Src/fsm_automatic.o
 .debug_macro   0x00000000000160f8       0x16 ./Core/Src/fsm_automatic.o
 .debug_macro   0x000000000001610e       0x40 ./Core/Src/fsm_automatic.o
 .debug_macro   0x000000000001614e       0x52 ./Core/Src/fsm_automatic.o
 .debug_macro   0x00000000000161a0       0x18 ./Core/Src/fsm_automatic.o
 .debug_macro   0x00000000000161b8       0x3c ./Core/Src/fsm_automatic.o
 .debug_macro   0x00000000000161f4       0x34 ./Core/Src/fsm_automatic.o
 .debug_macro   0x0000000000016228       0x16 ./Core/Src/fsm_automatic.o
 .debug_macro   0x000000000001623e       0x35 ./Core/Src/fsm_automatic.o
 .debug_macro   0x0000000000016273      0x333 ./Core/Src/fsm_automatic.o
 .debug_macro   0x00000000000165a6       0x10 ./Core/Src/fsm_automatic.o
 .debug_macro   0x00000000000165b6       0x16 ./Core/Src/fsm_automatic.o
 .debug_macro   0x00000000000165cc       0x43 ./Core/Src/fsm_automatic.o
 .debug_macro   0x000000000001660f       0x34 ./Core/Src/fsm_automatic.o
 .debug_macro   0x0000000000016643       0x10 ./Core/Src/fsm_automatic.o
 .debug_macro   0x0000000000016653       0x58 ./Core/Src/fsm_automatic.o
 .debug_macro   0x00000000000166ab       0x71 ./Core/Src/fsm_automatic.o
 .debug_macro   0x000000000001671c       0x1c ./Core/Src/fsm_automatic.o
 .debug_macro   0x0000000000016738      0x12a ./Core/Src/fsm_automatic.o
 .debug_macro   0x0000000000016862       0x10 ./Core/Src/fsm_automatic.o
 .debug_macro   0x0000000000016872       0x1c ./Core/Src/fsm_automatic.o
 .debug_macro   0x000000000001688e       0x52 ./Core/Src/fsm_automatic.o
 .debug_macro   0x00000000000168e0       0x22 ./Core/Src/fsm_automatic.o
 .debug_macro   0x0000000000016902       0x10 ./Core/Src/fsm_automatic.o
 .debug_macro   0x0000000000016912       0x40 ./Core/Src/fsm_automatic.o
 .debug_macro   0x0000000000016952       0xd5 ./Core/Src/fsm_automatic.o
 .debug_macro   0x0000000000016a27       0x1c ./Core/Src/fsm_automatic.o
 .debug_macro   0x0000000000016a43       0x3d ./Core/Src/fsm_automatic.o
 .debug_macro   0x0000000000016a80       0x16 ./Core/Src/fsm_automatic.o
 .debug_macro   0x0000000000016a96      0x145 ./Core/Src/fsm_automatic.o
 .debug_macro   0x0000000000016bdb       0x16 ./Core/Src/fsm_automatic.o
 .debug_macro   0x0000000000016bf1       0x20 ./Core/Src/fsm_automatic.o
 .debug_macro   0x0000000000016c11      0x2e5 ./Core/Src/fsm_manual.o
 .debug_macro   0x0000000000016ef6       0x10 ./Core/Src/fsm_manual.o
 .debug_macro   0x0000000000016f06      0x3a6 ./Core/Src/fsm_setting.o
 .debug_macro   0x00000000000172ac      0x1fa ./Core/Src/global.o
 .debug_macro   0x00000000000174a6      0x1c6 ./Core/Src/gpio.o
 .debug_macro   0x000000000001766c      0x1c6 ./Core/Src/i2c.o
 .debug_macro   0x0000000000017832      0x1d9 ./Core/Src/i2c_lcd.o
 .debug_macro   0x0000000000017a0b      0x247 ./Core/Src/main.o
 .debug_macro   0x0000000000017c52       0x1b ./Core/Src/software_timer.o
 .debug_macro   0x0000000000017c6d      0x1bc ./Core/Src/stm32f1xx_hal_msp.o
 .debug_macro   0x0000000000017e29      0x1c6 ./Core/Src/stm32f1xx_it.o
 .debug_macro   0x0000000000017fef       0xff ./Core/Src/sysmem.o
 .debug_macro   0x00000000000180ee      0x23b ./Core/Src/sysmem.o
 .debug_macro   0x0000000000018329      0x1ad ./Core/Src/system_stm32f1xx.o
 .debug_macro   0x00000000000184d6      0x1c6 ./Core/Src/tim.o
 .debug_macro   0x000000000001869c      0x1c6 ./Core/Src/traffic_light.o
 .debug_macro   0x0000000000018862      0x1c6 ./Core/Src/usart.o
 .debug_macro   0x0000000000018a28      0x1d1 ./Drivers/STM32F1xx_HAL_Driver/Src/stm32f1xx_hal.o
 .debug_macro   0x0000000000018bf9      0x1ad ./Drivers/STM32F1xx_HAL_Driver/Src/stm32f1xx_hal_cortex.o
 .debug_macro   0x0000000000018da6      0x218 ./Drivers/STM32F1xx_HAL_Driver/Src/stm32f1xx_hal_gpio.o
 .debug_macro   0x0000000000018fbe      0x1fb ./Drivers/STM32F1xx_HAL_Driver/Src/stm32f1xx_hal_i2c.o
 .debug_macro   0x00000000000191b9      0x1bf ./Drivers/STM32F1xx_HAL_Driver/Src/stm32f1xx_hal_rcc.o
 .debug_macro   0x0000000000019378      0x1ae ./Drivers/STM32F1xx_HAL_Driver/Src/stm32f1xx_hal_tim.o
 .debug_macro   0x0000000000019526      0x1ad ./Drivers/STM32F1xx_HAL_Driver/Src/stm32f1xx_hal_tim_ex.o
 .debug_macro   0x00000000000196d3      0x1ae ./Drivers/STM32F1xx_HAL_Driver/Src/stm32f1xx_hal_uart.o

.debug_line     0x0000000000000000    0x15676
 .debug_line    0x0000000000000000      0x833 ./Core/Src/button.o
 .debug_line    0x0000000000000833      0xaea ./Core/Src/fsm_automatic.o
 .debug_line    0x000000000000131d      0x8f1 ./Core/Src/fsm_manual.o
 .debug_line    0x0000000000001c0e      0xb08 ./Core/Src/fsm_setting.o
 .debug_line    0x0000000000002716      0x6c4 ./Core/Src/global.o
 .debug_line    0x0000000000002dda      0x6c5 ./Core/Src/gpio.o
 .debug_line    0x000000000000349f      0x6ed ./Core/Src/i2c.o
 .debug_line    0x0000000000003b8c      0x7b9 ./Core/Src/i2c_lcd.o
 .debug_line    0x0000000000004345      0x7d1 ./Core/Src/main.o
 .debug_line    0x0000000000004b16       0xb5 ./Core/Src/software_timer.o
 .debug_line    0x0000000000004bcb      0x689 ./Core/Src/stm32f1xx_hal_msp.o
 .debug_line    0x0000000000005254      0x77a ./Core/Src/stm32f1xx_it.o
 .debug_line    0x00000000000059ce      0x4e9 ./Core/Src/sysmem.o
 .debug_line    0x0000000000005eb7      0x706 ./Core/Src/system_stm32f1xx.o
 .debug_line    0x00000000000065bd      0x6f5 ./Core/Src/tim.o
 .debug_line    0x0000000000006cb2      0x7ef ./Core/Src/traffic_light.o
 .debug_line    0x00000000000074a1      0x6ed ./Core/Src/usart.o
 .debug_line    0x0000000000007b8e       0x86 ./Core/Startup/startup_stm32f103rbtx.o
 .debug_line    0x0000000000007c14      0x933 ./Drivers/STM32F1xx_HAL_Driver/Src/stm32f1xx_hal.o
 .debug_line    0x0000000000008547      0xb1b ./Drivers/STM32F1xx_HAL_Driver/Src/stm32f1xx_hal_cortex.o
 .debug_line    0x0000000000009062      0x9cc ./Drivers/STM32F1xx_HAL_Driver/Src/stm32f1xx_hal_gpio.o
 .debug_line    0x0000000000009a2e     0x3ac9 ./Drivers/STM32F1xx_HAL_Driver/Src/stm32f1xx_hal_i2c.o
 .debug_line    0x000000000000d4f7      0xd3f ./Drivers/STM32F1xx_HAL_Driver/Src/stm32f1xx_hal_rcc.o
 .debug_line    0x000000000000e236     0x33cd ./Drivers/STM32F1xx_HAL_Driver/Src/stm32f1xx_hal_tim.o
 .debug_line    0x0000000000011603     0x1879 ./Drivers/STM32F1xx_HAL_Driver/Src/stm32f1xx_hal_tim_ex.o
 .debug_line    0x0000000000012e7c     0x27fa ./Drivers/STM32F1xx_HAL_Driver/Src/stm32f1xx_hal_uart.o

.debug_str      0x0000000000000000    0x8dc6d
 .debug_str     0x0000000000000000    0x85091 ./Core/Src/button.o
                                      0x853df (size before relaxing)
 .debug_str     0x0000000000085091     0x47cb ./Core/Src/fsm_automatic.o
                                      0x89b8f (size before relaxing)
 .debug_str     0x000000000008985c       0x54 ./Core/Src/fsm_manual.o
                                      0x88bf4 (size before relaxing)
 .debug_str     0x00000000000898b0       0x81 ./Core/Src/fsm_setting.o
                                      0x89b71 (size before relaxing)
 .debug_str     0x0000000000089931       0x15 ./Core/Src/global.o
                                      0x8541d (size before relaxing)
 .debug_str     0x0000000000089946      0x309 ./Core/Src/gpio.o
                                      0x85604 (size before relaxing)
 .debug_str     0x0000000000089c4f       0x71 ./Core/Src/i2c.o
                                      0x857ba (size before relaxing)
 .debug_str     0x0000000000089cc0       0x9b ./Core/Src/i2c_lcd.o
                                      0x858a1 (size before relaxing)
 .debug_str     0x0000000000089d5b      0x5d8 ./Core/Src/main.o
                                      0x86067 (size before relaxing)
 .debug_str     0x000000000008a333       0x44 ./Core/Src/software_timer.o
                                       0x2dbf (size before relaxing)
 .debug_str     0x000000000008a377       0x5a ./Core/Src/stm32f1xx_hal_msp.o
                                      0x852e5 (size before relaxing)
 .debug_str     0x000000000008a3d1       0xe2 ./Core/Src/stm32f1xx_it.o
                                      0x857f5 (size before relaxing)
 .debug_str     0x000000000008a4b3      0x4e9 ./Core/Src/sysmem.o
                                       0x6243 (size before relaxing)
 .debug_str     0x000000000008a99c       0x52 ./Core/Src/system_stm32f1xx.o
                                      0x85021 (size before relaxing)
 .debug_str     0x000000000008a9ee       0xf7 ./Core/Src/tim.o
                                      0x85b4e (size before relaxing)
 .debug_str     0x000000000008aae5      0x135 ./Core/Src/traffic_light.o
                                      0x853dd (size before relaxing)
 .debug_str     0x000000000008ac1a       0x57 ./Core/Src/usart.o
                                      0x85747 (size before relaxing)
 .debug_str     0x000000000008ac71       0x36 ./Core/Startup/startup_stm32f103rbtx.o
                                         0x57 (size before relaxing)
 .debug_str     0x000000000008aca7      0x2f2 ./Drivers/STM32F1xx_HAL_Driver/Src/stm32f1xx_hal.o
                                      0x856b2 (size before relaxing)
 .debug_str     0x000000000008af99      0x300 ./Drivers/STM32F1xx_HAL_Driver/Src/stm32f1xx_hal_cortex.o
                                      0x856ba (size before relaxing)
 .debug_str     0x000000000008b299      0x316 ./Drivers/STM32F1xx_HAL_Driver/Src/stm32f1xx_hal_gpio.o
                                      0x853e5 (size before relaxing)
 .debug_str     0x000000000008b5af      0xb9f ./Drivers/STM32F1xx_HAL_Driver/Src/stm32f1xx_hal_i2c.o
                                      0x860b0 (size before relaxing)
 .debug_str     0x000000000008c14e      0x244 ./Drivers/STM32F1xx_HAL_Driver/Src/stm32f1xx_hal_rcc.o
                                      0x8541e (size before relaxing)
 .debug_str     0x000000000008c392      0xdd8 ./Drivers/STM32F1xx_HAL_Driver/Src/stm32f1xx_hal_tim.o
                                      0x86407 (size before relaxing)
 .debug_str     0x000000000008d16a      0x4ee ./Drivers/STM32F1xx_HAL_Driver/Src/stm32f1xx_hal_tim_ex.o
                                      0x85ba8 (size before relaxing)
 .debug_str     0x000000000008d658      0x615 ./Drivers/STM32F1xx_HAL_Driver/Src/stm32f1xx_hal_uart.o
                                      0x85a76 (size before relaxing)

.comment        0x0000000000000000       0x53
 .comment       0x0000000000000000       0x53 ./Core/Src/button.o
                                         0x54 (size before relaxing)
 .comment       0x0000000000000053       0x54 ./Core/Src/fsm_automatic.o
 .comment       0x0000000000000053       0x54 ./Core/Src/fsm_manual.o
 .comment       0x0000000000000053       0x54 ./Core/Src/fsm_setting.o
 .comment       0x0000000000000053       0x54 ./Core/Src/global.o
 .comment       0x0000000000000053       0x54 ./Core/Src/gpio.o
 .comment       0x0000000000000053       0x54 ./Core/Src/i2c.o
 .comment       0x0000000000000053       0x54 ./Core/Src/i2c_lcd.o
 .comment       0x0000000000000053       0x54 ./Core/Src/main.o
 .comment       0x0000000000000053       0x54 ./Core/Src/software_timer.o
 .comment       0x0000000000000053       0x54 ./Core/Src/stm32f1xx_hal_msp.o
 .comment       0x0000000000000053       0x54 ./Core/Src/stm32f1xx_it.o
 .comment       0x0000000000000053       0x54 ./Core/Src/sysmem.o
 .comment       0x0000000000000053       0x54 ./Core/Src/system_stm32f1xx.o
 .comment       0x0000000000000053       0x54 ./Core/Src/tim.o
 .comment       0x0000000000000053       0x54 ./Core/Src/traffic_light.o
 .comment       0x0000000000000053       0x54 ./Core/Src/usart.o
 .comment       0x0000000000000053       0x54 ./Drivers/STM32F1xx_HAL_Driver/Src/stm32f1xx_hal.o
 .comment       0x0000000000000053       0x54 ./Drivers/STM32F1xx_HAL_Driver/Src/stm32f1xx_hal_cortex.o
 .comment       0x0000000000000053       0x54 ./Drivers/STM32F1xx_HAL_Driver/Src/stm32f1xx_hal_gpio.o
 .comment       0x0000000000000053       0x54 ./Drivers/STM32F1xx_HAL_Driver/Src/stm32f1xx_hal_i2c.o
 .comment       0x0000000000000053       0x54 ./Drivers/STM32F1xx_HAL_Driver/Src/stm32f1xx_hal_rcc.o
 .comment       0x0000000000000053       0x54 ./Drivers/STM32F1xx_HAL_Driver/Src/stm32f1xx_hal_tim.o
 .comment       0x0000000000000053       0x54 ./Drivers/STM32F1xx_HAL_Driver/Src/stm32f1xx_hal_tim_ex.o
 .comment       0x0000000000000053       0x54 ./Drivers/STM32F1xx_HAL_Driver/Src/stm32f1xx_hal_uart.o

.debug_frame    0x0000000000000000     0x4640
 .debug_frame   0x0000000000000000       0xf4 ./Core/Src/button.o
 .debug_frame   0x00000000000000f4       0x74 ./Core/Src/fsm_automatic.o
 .debug_frame   0x0000000000000168       0x50 ./Core/Src/fsm_manual.o
 .debug_frame   0x00000000000001b8       0x50 ./Core/Src/fsm_setting.o
 .debug_frame   0x0000000000000208       0x34 ./Core/Src/gpio.o
 .debug_frame   0x000000000000023c       0x74 ./Core/Src/i2c.o
 .debug_frame   0x00000000000002b0       0xfc ./Core/Src/i2c_lcd.o
 .debug_frame   0x00000000000003ac       0x8c ./Core/Src/main.o
 .debug_frame   0x0000000000000438       0x60 ./Core/Src/software_timer.o
 .debug_frame   0x0000000000000498       0x38 ./Core/Src/stm32f1xx_hal_msp.o
 .debug_frame   0x00000000000004d0      0x13c ./Core/Src/stm32f1xx_it.o
 .debug_frame   0x000000000000060c       0x34 ./Core/Src/sysmem.o
 .debug_frame   0x0000000000000640       0x58 ./Core/Src/system_stm32f1xx.o
 .debug_frame   0x0000000000000698       0x7c ./Core/Src/tim.o
 .debug_frame   0x0000000000000714      0x174 ./Core/Src/traffic_light.o
 .debug_frame   0x0000000000000888       0x74 ./Core/Src/usart.o
 .debug_frame   0x00000000000008fc      0x334 ./Drivers/STM32F1xx_HAL_Driver/Src/stm32f1xx_hal.o
 .debug_frame   0x0000000000000c30      0x428 ./Drivers/STM32F1xx_HAL_Driver/Src/stm32f1xx_hal_cortex.o
 .debug_frame   0x0000000000001058      0x14c ./Drivers/STM32F1xx_HAL_Driver/Src/stm32f1xx_hal_gpio.o
 .debug_frame   0x00000000000011a4      0xc84 ./Drivers/STM32F1xx_HAL_Driver/Src/stm32f1xx_hal_i2c.o
 .debug_frame   0x0000000000001e28      0x218 ./Drivers/STM32F1xx_HAL_Driver/Src/stm32f1xx_hal_rcc.o
 .debug_frame   0x0000000000002040     0x11b8 ./Drivers/STM32F1xx_HAL_Driver/Src/stm32f1xx_hal_tim.o
 .debug_frame   0x00000000000031f8      0x638 ./Drivers/STM32F1xx_HAL_Driver/Src/stm32f1xx_hal_tim_ex.o
 .debug_frame   0x0000000000003830      0x944 ./Drivers/STM32F1xx_HAL_Driver/Src/stm32f1xx_hal_uart.o
 .debug_frame   0x0000000000004174       0x20 d:/stm32cubeide_1.7.0/stm32cubeide/plugins/com.st.stm32cube.ide.mcu.externaltools.gnu-tools-for-stm32.9-2020-q2-update.win32_2.0.0.202105311346/tools/bin/../lib/gcc/arm-none-eabi/9.3.1/../../../../arm-none-eabi/lib/thumb/v7-m/nofp\libc_nano.a(lib_a-errno.o)
 .debug_frame   0x0000000000004194       0x2c d:/stm32cubeide_1.7.0/stm32cubeide/plugins/com.st.stm32cube.ide.mcu.externaltools.gnu-tools-for-stm32.9-2020-q2-update.win32_2.0.0.202105311346/tools/bin/../lib/gcc/arm-none-eabi/9.3.1/../../../../arm-none-eabi/lib/thumb/v7-m/nofp\libc_nano.a(lib_a-init.o)
 .debug_frame   0x00000000000041c0       0x20 d:/stm32cubeide_1.7.0/stm32cubeide/plugins/com.st.stm32cube.ide.mcu.externaltools.gnu-tools-for-stm32.9-2020-q2-update.win32_2.0.0.202105311346/tools/bin/../lib/gcc/arm-none-eabi/9.3.1/../../../../arm-none-eabi/lib/thumb/v7-m/nofp\libc_nano.a(lib_a-memset.o)
 .debug_frame   0x00000000000041e0       0x7c d:/stm32cubeide_1.7.0/stm32cubeide/plugins/com.st.stm32cube.ide.mcu.externaltools.gnu-tools-for-stm32.9-2020-q2-update.win32_2.0.0.202105311346/tools/bin/../lib/gcc/arm-none-eabi/9.3.1/../../../../arm-none-eabi/lib/thumb/v7-m/nofp\libc_nano.a(lib_a-snprintf.o)
 .debug_frame   0x000000000000425c       0x28 d:/stm32cubeide_1.7.0/stm32cubeide/plugins/com.st.stm32cube.ide.mcu.externaltools.gnu-tools-for-stm32.9-2020-q2-update.win32_2.0.0.202105311346/tools/bin/../lib/gcc/arm-none-eabi/9.3.1/../../../../arm-none-eabi/lib/thumb/v7-m/nofp\libc_nano.a(lib_a-strncmp.o)
 .debug_frame   0x0000000000004284       0x28 d:/stm32cubeide_1.7.0/stm32cubeide/plugins/com.st.stm32cube.ide.mcu.externaltools.gnu-tools-for-stm32.9-2020-q2-update.win32_2.0.0.202105311346/tools/bin/../lib/gcc/arm-none-eabi/9.3.1/../../../../arm-none-eabi/lib/thumb/v7-m/nofp\libc_nano.a(lib_a-strncpy.o)
 .debug_frame   0x00000000000042ac       0x90 d:/stm32cubeide_1.7.0/stm32cubeide/plugins/com.st.stm32cube.ide.mcu.externaltools.gnu-tools-for-stm32.9-2020-q2-update.win32_2.0.0.202105311346/tools/bin/../lib/gcc/arm-none-eabi/9.3.1/../../../../arm-none-eabi/lib/thumb/v7-m/nofp\libc_nano.a(lib_a-nano-svfprintf.o)
 .debug_frame   0x000000000000433c       0x60 d:/stm32cubeide_1.7.0/stm32cubeide/plugins/com.st.stm32cube.ide.mcu.externaltools.gnu-tools-for-stm32.9-2020-q2-update.win32_2.0.0.202105311346/tools/bin/../lib/gcc/arm-none-eabi/9.3.1/../../../../arm-none-eabi/lib/thumb/v7-m/nofp\libc_nano.a(lib_a-nano-vfprintf_i.o)
 .debug_frame   0x000000000000439c       0x28 d:/stm32cubeide_1.7.0/stm32cubeide/plugins/com.st.stm32cube.ide.mcu.externaltools.gnu-tools-for-stm32.9-2020-q2-update.win32_2.0.0.202105311346/tools/bin/../lib/gcc/arm-none-eabi/9.3.1/../../../../arm-none-eabi/lib/thumb/v7-m/nofp\libc_nano.a(lib_a-memchr-stub.o)
 .debug_frame   0x00000000000043c4       0x28 d:/stm32cubeide_1.7.0/stm32cubeide/plugins/com.st.stm32cube.ide.mcu.externaltools.gnu-tools-for-stm32.9-2020-q2-update.win32_2.0.0.202105311346/tools/bin/../lib/gcc/arm-none-eabi/9.3.1/../../../../arm-none-eabi/lib/thumb/v7-m/nofp\libc_nano.a(lib_a-memcpy-stub.o)
 .debug_frame   0x00000000000043ec       0x28 d:/stm32cubeide_1.7.0/stm32cubeide/plugins/com.st.stm32cube.ide.mcu.externaltools.gnu-tools-for-stm32.9-2020-q2-update.win32_2.0.0.202105311346/tools/bin/../lib/gcc/arm-none-eabi/9.3.1/../../../../arm-none-eabi/lib/thumb/v7-m/nofp\libc_nano.a(lib_a-memmove.o)
 .debug_frame   0x0000000000004414       0x38 d:/stm32cubeide_1.7.0/stm32cubeide/plugins/com.st.stm32cube.ide.mcu.externaltools.gnu-tools-for-stm32.9-2020-q2-update.win32_2.0.0.202105311346/tools/bin/../lib/gcc/arm-none-eabi/9.3.1/../../../../arm-none-eabi/lib/thumb/v7-m/nofp\libc_nano.a(lib_a-nano-freer.o)
 .debug_frame   0x000000000000444c       0x30 d:/stm32cubeide_1.7.0/stm32cubeide/plugins/com.st.stm32cube.ide.mcu.externaltools.gnu-tools-for-stm32.9-2020-q2-update.win32_2.0.0.202105311346/tools/bin/../lib/gcc/arm-none-eabi/9.3.1/../../../../arm-none-eabi/lib/thumb/v7-m/nofp\libc_nano.a(lib_a-nano-mallocr.o)
 .debug_frame   0x000000000000447c       0x3c d:/stm32cubeide_1.7.0/stm32cubeide/plugins/com.st.stm32cube.ide.mcu.externaltools.gnu-tools-for-stm32.9-2020-q2-update.win32_2.0.0.202105311346/tools/bin/../lib/gcc/arm-none-eabi/9.3.1/../../../../arm-none-eabi/lib/thumb/v7-m/nofp\libc_nano.a(lib_a-nano-reallocr.o)
 .debug_frame   0x00000000000044b8       0x2c d:/stm32cubeide_1.7.0/stm32cubeide/plugins/com.st.stm32cube.ide.mcu.externaltools.gnu-tools-for-stm32.9-2020-q2-update.win32_2.0.0.202105311346/tools/bin/../lib/gcc/arm-none-eabi/9.3.1/../../../../arm-none-eabi/lib/thumb/v7-m/nofp\libc_nano.a(lib_a-sbrkr.o)
 .debug_frame   0x00000000000044e4       0x30 d:/stm32cubeide_1.7.0/stm32cubeide/plugins/com.st.stm32cube.ide.mcu.externaltools.gnu-tools-for-stm32.9-2020-q2-update.win32_2.0.0.202105311346/tools/bin/../lib/gcc/arm-none-eabi/9.3.1/../../../../arm-none-eabi/lib/thumb/v7-m/nofp\libc_nano.a(lib_a-mlock.o)
 .debug_frame   0x0000000000004514       0x20 d:/stm32cubeide_1.7.0/stm32cubeide/plugins/com.st.stm32cube.ide.mcu.externaltools.gnu-tools-for-stm32.9-2020-q2-update.win32_2.0.0.202105311346/tools/bin/../lib/gcc/arm-none-eabi/9.3.1/../../../../arm-none-eabi/lib/thumb/v7-m/nofp\libc_nano.a(lib_a-nano-msizer.o)
 .debug_frame   0x0000000000004534       0x5c d:/stm32cubeide_1.7.0/stm32cubeide/plugins/com.st.stm32cube.ide.mcu.externaltools.gnu-tools-for-stm32.9-2020-q2-update.win32_2.0.0.202105311346/tools/bin/../lib/gcc/arm-none-eabi/9.3.1/../../../../arm-none-eabi/lib/thumb/v7-m/nofp\libc_nano.a(lib_a-reent.o)